Product: MDK-ARM Professional 5.10
Component: ARM Compiler 5.04 update 1 (build 49)
Tool: armlink [5040049]

==============================================================================

Section Cross References

    main.o(.text) refers to sys.o(.text) for NVIC_Configuration
    main.o(.text) refers to delay.o(.text) for delay_init
    main.o(.text) refers to usart.o(.text) for uart_init
    main.o(.text) refers to key.o(.text) for KEY_Init
    main.o(.text) refers to encoder.o(.text) for encoder_init
    main.o(.text) refers to 1602.o(.text) for lcd1602_init
    main.o(.text) refers to bujin.o(.text) for bujin_init
    main.o(.text) refers to frleqf.o(x$fpl$frleqf) for __aeabi_cfrcmple
    main.o(.text) refers to fleqf.o(x$fpl$fleqf) for __aeabi_cfcmple
    main.o(.text) refers to faddsub_clz.o(x$fpl$fsub) for __aeabi_fsub
    main.o(.text) refers to f2d.o(x$fpl$f2d) for __aeabi_f2d
    main.o(.text) refers to ddiv.o(x$fpl$ddiv) for __aeabi_ddiv
    main.o(.text) refers to dflt_clz.o(x$fpl$dfltu) for __aeabi_ui2d
    main.o(.text) refers to dleqf.o(x$fpl$dleqf) for __aeabi_cdcmple
    main.o(.text) refers to drleqf.o(x$fpl$drleqf) for __aeabi_cdrcmple
    main.o(.text) refers to main.o(.data) for encoder_angle
    system_stm32f10x.o(.text) refers to system_stm32f10x.o(.data) for SystemCoreClock
    bujin.o(.text) refers to stm32f10x_rcc.o(.text) for RCC_APB2PeriphClockCmd
    bujin.o(.text) refers to stm32f10x_gpio.o(.text) for GPIO_Init
    bujin.o(.text) refers to delay.o(.text) for delay_ms
    encoder.o(.text) refers to stm32f10x_rcc.o(.text) for RCC_APB2PeriphClockCmd
    encoder.o(.text) refers to stm32f10x_gpio.o(.text) for GPIO_Init
    encoder.o(.text) refers to stm32f10x_exti.o(.text) for EXTI_Init
    encoder.o(.text) refers to misc.o(.text) for NVIC_Init
    encoder.o(.text) refers to faddsub_clz.o(x$fpl$fadd) for __aeabi_fadd
    encoder.o(.text) refers to faddsub_clz.o(x$fpl$fsub) for __aeabi_fsub
    encoder.o(.text) refers to f2d.o(x$fpl$f2d) for __aeabi_f2d
    encoder.o(.text) refers to ddiv.o(x$fpl$ddiv) for __aeabi_ddiv
    encoder.o(.text) refers to dmul.o(x$fpl$dmul) for __aeabi_dmul
    encoder.o(.text) refers to d2f.o(x$fpl$d2f) for __aeabi_d2f
    encoder.o(.text) refers to encoder.o(.data) for encoder_counter
    key.o(.text) refers to stm32f10x_rcc.o(.text) for RCC_APB2PeriphClockCmd
    key.o(.text) refers to stm32f10x_gpio.o(.text) for GPIO_Init
    key.o(.text) refers to delay.o(.text) for delay_ms
    key.o(.text) refers to key.o(.data) for key_up
    1602.o(.text) refers to delay.o(.text) for delay_ms
    1602.o(.text) refers to stm32f10x_rcc.o(.text) for RCC_APB2PeriphClockCmd
    1602.o(.text) refers to stm32f10x_gpio.o(.text) for GPIO_Init
    1602.o(.text) refers to ffix.o(x$fpl$ffix) for __aeabi_f2iz
    delay.o(.text) refers to os_core.o(.text) for OSIntEnter
    delay.o(.text) refers to misc.o(.text) for SysTick_CLKSourceConfig
    delay.o(.text) refers to os_time.o(.text) for OSTimeDly
    delay.o(.text) refers to system_stm32f10x.o(.data) for SystemCoreClock
    delay.o(.text) refers to delay.o(.data) for fac_us
    delay.o(.text) refers to os_core.o(.data) for OSRunning
    sys.o(.text) refers to misc.o(.text) for NVIC_PriorityGroupConfig
    usart.o(.text) refers (Special) to use_no_semi_2.o(.text) for __use_no_semihosting
    usart.o(.text) refers to stm32f10x_rcc.o(.text) for RCC_APB2PeriphClockCmd
    usart.o(.text) refers to stm32f10x_usart.o(.text) for USART_DeInit
    usart.o(.text) refers to stm32f10x_gpio.o(.text) for GPIO_Init
    usart.o(.text) refers to misc.o(.text) for NVIC_Init
    usart.o(.text) refers to os_core.o(.text) for OSIntEnter
    usart.o(.text) refers to usart.o(.data) for USART_RX_STA
    usart.o(.text) refers to usart.o(.bss) for USART_RX_BUF
    usart.o(.bss) refers (Special) to use_no_semi_2.o(.text) for __use_no_semihosting
    usart.o(.data) refers (Special) to use_no_semi_2.o(.text) for __use_no_semihosting
    startup_stm32f10x_hd.o(STACK) refers (Special) to heapauxi.o(.text) for __use_two_region_memory
    startup_stm32f10x_hd.o(HEAP) refers (Special) to heapauxi.o(.text) for __use_two_region_memory
    startup_stm32f10x_hd.o(RESET) refers (Special) to heapauxi.o(.text) for __use_two_region_memory
    startup_stm32f10x_hd.o(RESET) refers to startup_stm32f10x_hd.o(STACK) for __initial_sp
    startup_stm32f10x_hd.o(RESET) refers to startup_stm32f10x_hd.o(.text) for Reset_Handler
    startup_stm32f10x_hd.o(RESET) refers to stm32f10x_it.o(.text) for NMI_Handler
    startup_stm32f10x_hd.o(RESET) refers to os_cpu_a.o(.text) for PendSV_Handler
    startup_stm32f10x_hd.o(RESET) refers to delay.o(.text) for SysTick_Handler
    startup_stm32f10x_hd.o(RESET) refers to encoder.o(.text) for EXTI0_IRQHandler
    startup_stm32f10x_hd.o(RESET) refers to usart.o(.text) for USART1_IRQHandler
    startup_stm32f10x_hd.o(.text) refers (Special) to heapauxi.o(.text) for __use_two_region_memory
[...]
    fcmpi.o(x$fpl$fcmpinf) refers (Special) to usenofp.o(x$fpl$usenofp) for __I$use$fp
    fnaninf.o(x$fpl$fnaninf) refers (Special) to usenofp.o(x$fpl$usenofp) for __I$use$fp
    fretinf.o(x$fpl$fretinf) refers (Special) to usenofp.o(x$fpl$usenofp) for __I$use$fp
    rtentry2.o(.ARM.Collect$$rtentry$$00000008) refers to boardinit2.o(.text) for _platform_post_stackheap_init
    rtentry2.o(.ARM.Collect$$rtentry$$0000000A) refers to libinit.o(.ARM.Collect$$libinit$$00000000) for __rt_lib_init
    rtentry2.o(.ARM.Collect$$rtentry$$0000000B) refers to boardinit3.o(.text) for _platform_post_lib_init
    rtentry2.o(.ARM.Collect$$rtentry$$0000000D) refers to main.o(.text) for main
    rtentry2.o(.ARM.Collect$$rtentry$$0000000D) refers to exit.o(.text) for exit
    rtentry2.o(.ARM.exidx) refers to rtentry2.o(.ARM.Collect$$rtentry$$00000001) for .ARM.Collect$$rtentry$$00000001
    rtentry2.o(.ARM.exidx) refers to rtentry2.o(.ARM.Collect$$rtentry$$00000008) for .ARM.Collect$$rtentry$$00000008
    rtentry2.o(.ARM.exidx) refers to rtentry2.o(.ARM.Collect$$rtentry$$0000000A) for .ARM.Collect$$rtentry$$0000000A
    rtentry2.o(.ARM.exidx) refers to rtentry2.o(.ARM.Collect$$rtentry$$0000000B) for .ARM.Collect$$rtentry$$0000000B
    rtentry2.o(.ARM.exidx) refers to rtentry2.o(.ARM.Collect$$rtentry$$0000000D) for .ARM.Collect$$rtentry$$0000000D
    rtentry4.o(.ARM.Collect$$rtentry$$00000004) refers to sys_stackheap_outer.o(.text) for __user_setup_stackheap
    rtentry4.o(.ARM.exidx) refers to rtentry4.o(.ARM.Collect$$rtentry$$00000004) for .ARM.Collect$$rtentry$$00000004
    sys_stackheap_outer.o(.text) refers to libspace.o(.text) for __user_perproc_libspace
    sys_stackheap_outer.o(.text) refers to startup_stm32f10x_hd.o(.text) for __user_initial_stackheap
    exit.o(.text) refers to rtexit.o(.ARM.Collect$$rtexit$$00000000) for __rt_exit
    libinit.o(.ARM.Collect$$libinit$$00000000) refers (Special) to libinit2.o(.ARM.Collect$$libinit$$0000002C) for __rt_lib_init_alloca_1
    libinit.o(.ARM.Collect$$libinit$$00000000) refers (Special) to libinit2.o(.ARM.Collect$$libinit$$0000002A) for __rt_lib_init_argv_1
    libinit.o(.ARM.Collect$$libinit$$00000000) refers (Special) to libinit2.o(.ARM.Collect$$libinit$$00000019) for __rt_lib_init_atexit_1
    libinit.o(.ARM.Collect$$libinit$$00000000) refers (Special) to libinit2.o(.ARM.Collect$$libinit$$0000001F) for __rt_lib_init_clock_1
    libinit.o(.ARM.Collect$$libinit$$00000000) refers (Special) to libinit2.o(.ARM.Collect$$libinit$$00000030) for __rt_lib_init_cpp_1
    libinit.o(.ARM.Collect$$libinit$$00000000) refers (Special) to libinit2.o(.ARM.Collect$$libinit$$0000002E) for __rt_lib_init_exceptions_1
    libinit.o(.ARM.Collect$$libinit$$00000000) refers (Special) to libinit2.o(.ARM.Collect$$libinit$$00000002) for __rt_lib_init_fp_1
    libinit.o(.ARM.Collect$$libinit$$00000000) refers (Special) to libinit2.o(.ARM.Collect$$libinit$$0000001D) for __rt_lib_init_fp_trap_1
    libinit.o(.ARM.Collect$$libinit$$00000000) refers (Special) to libinit2.o(.ARM.Collect$$libinit$$00000021) for __rt_lib_init_getenv_1
    libinit.o(.ARM.Collect$$libinit$$00000000) refers (Special) to libinit2.o(.ARM.Collect$$libinit$$00000008) for __rt_lib_init_heap_1
    libinit.o(.ARM.Collect$$libinit$$00000000) refers (Special) to libinit2.o(.ARM.Collect$$libinit$$0000000F) for __rt_lib_init_lc_collate_1
    libinit.o(.ARM.Collect$$libinit$$00000000) refers (Special) to libinit2.o(.ARM.Collect$$libinit$$00000011) for __rt_lib_init_lc_ctype_1
    libinit.o(.ARM.Collect$$libinit$$00000000) refers (Special) to libinit2.o(.ARM.Collect$$libinit$$00000013) for __rt_lib_init_lc_monetary_1
    libinit.o(.ARM.Collect$$libinit$$00000000) refers (Special) to libinit2.o(.ARM.Collect$$libinit$$00000015) for __rt_lib_init_lc_numeric_1
    libinit.o(.ARM.Collect$$libinit$$00000000) refers (Special) to libinit2.o(.ARM.Collect$$libinit$$00000017) for __rt_lib_init_lc_time_1
    libinit.o(.ARM.Collect$$libinit$$00000000) refers (Special) to libinit2.o(.ARM.Collect$$libinit$$0000000C) for __rt_lib_init_rand_1
    libinit.o(.ARM.Collect$$libinit$$00000000) refers (Special) to libinit2.o(.ARM.Collect$$libinit$$00000031) for __rt_lib_init_return
    libinit.o(.ARM.Collect$$libinit$$00000000) refers (Special) to libinit2.o(.ARM.Collect$$libinit$$0000001B) for __rt_lib_init_signal_1
    libinit.o(.ARM.Collect$$libinit$$00000000) refers (Special) to libinit2.o(.ARM.Collect$$libinit$$00000023) for __rt_lib_init_stdio_1
    libinit.o(.ARM.Collect$$libinit$$00000000) refers (Special) to libinit2.o(.ARM.Collect$$libinit$$0000000A) for __rt_lib_init_user_alloc_1
    libspace.o(.text) refers to libspace.o(.bss) for __libspace_start
    rtexit.o(.ARM.Collect$$rtexit$$00000000) refers (Special) to rtexit2.o(.ARM.Collect$$rtexit$$00000004) for __rt_exit_exit
    rtexit.o(.ARM.Collect$$rtexit$$00000000) refers (Special) to rtexit2.o(.ARM.Collect$$rtexit$$00000003) for __rt_exit_ls
    rtexit.o(.ARM.Collect$$rtexit$$00000000) refers (Special) to rtexit2.o(.ARM.Collect$$rtexit$$00000002) for __rt_exit_prels_1
    rtexit.o(.ARM.exidx) refers (Special) to rtexit2.o(.ARM.Collect$$rtexit$$00000004) for __rt_exit_exit
    rtexit.o(.ARM.exidx) refers (Special) to rtexit2.o(.ARM.Collect$$rtexit$$00000003) for __rt_exit_ls
    rtexit.o(.ARM.exidx) refers (Special) to rtexit2.o(.ARM.Collect$$rtexit$$00000002) for __rt_exit_prels_1
    rtexit.o(.ARM.exidx) refers to rtexit.o(.ARM.Collect$$rtexit$$00000000) for .ARM.Collect$$rtexit$$00000000
    libinit2.o(.ARM.Collect$$libinit$$0000000E) refers to libinit2.o(.ARM.Collect$$libinit$$0000000D) for .ARM.Collect$$libinit$$0000000D
    libinit2.o(.ARM.Collect$$libinit$$00000010) refers to libinit2.o(.ARM.Collect$$libinit$$0000000D) for .ARM.Collect$$libinit$$0000000D
    libinit2.o(.ARM.Collect$$libinit$$00000012) refers to libinit2.o(.ARM.Collect$$libinit$$0000000D) for .ARM.Collect$$libinit$$0000000D
    libinit2.o(.ARM.Collect$$libinit$$00000014) refers to libinit2.o(.ARM.Collect$$libinit$$0000000D) for .ARM.Collect$$libinit$$0000000D
    libinit2.o(.ARM.Collect$$libinit$$00000016) refers to libinit2.o(.ARM.Collect$$libinit$$0000000D) for .ARM.Collect$$libinit$$0000000D
    libinit2.o(.ARM.Collect$$libinit$$00000024) refers to argv_veneer.o(.emb_text) for __ARM_argv_veneer
    libinit2.o(.ARM.Collect$$libinit$$00000025) refers to argv_veneer.o(.emb_text) for __ARM_argv_veneer
    rtexit2.o(.ARM.Collect$$rtexit$$00000003) refers to libshutdown.o(.ARM.Collect$$libshutdown$$00000000) for __rt_lib_shutdown
    rtexit2.o(.ARM.Collect$$rtexit$$00000004) refers to usart.o(.text) for _sys_exit
    rtexit2.o(.ARM.exidx) refers to rtexit2.o(.ARM.Collect$$rtexit$$00000001) for .ARM.Collect$$rtexit$$00000001
    rtexit2.o(.ARM.exidx) refers to rtexit2.o(.ARM.Collect$$rtexit$$00000003) for .ARM.Collect$$rtexit$$00000003
    rtexit2.o(.ARM.exidx) refers to rtexit2.o(.ARM.Collect$$rtexit$$00000004) for .ARM.Collect$$rtexit$$00000004
    argv_veneer.o(.emb_text) refers to no_argv.o(.text) for __ARM_get_argv
    _get_argv_nomalloc.o(.text) refers (Special) to hrguard.o(.text) for __heap_region$guard
    _get_argv_nomalloc.o(.text) refers to defsig_rtmem_outer.o(.text) for __rt_SIGRTMEM
    _get_argv_nomalloc.o(.text) refers to sys_command.o(.text) for _sys_command_string
    libshutdown.o(.ARM.Collect$$libshutdown$$00000000) refers (Special) to libshutdown2.o(.ARM.Collect$$libshutdown$$00000006) for __rt_lib_shutdown_fp_trap_1
    libshutdown.o(.ARM.Collect$$libshutdown$$00000000) refers (Special) to libshutdown2.o(.ARM.Collect$$libshutdown$$0000000E) for __rt_lib_shutdown_heap_1
    libshutdown.o(.ARM.Collect$$libshutdown$$00000000) refers (Special) to libshutdown2.o(.ARM.Collect$$libshutdown$$0000000F) for __rt_lib_shutdown_return
    libshutdown.o(.ARM.Collect$$libshutdown$$00000000) refers (Special) to libshutdown2.o(.ARM.Collect$$libshutdown$$00000009) for __rt_lib_shutdown_signal_1
    libshutdown.o(.ARM.Collect$$libshutdown$$00000000) refers (Special) to libshutdown2.o(.ARM.Collect$$libshutdown$$00000003) for __rt_lib_shutdown_stdio_1
    libshutdown.o(.ARM.Collect$$libshutdown$$00000000) refers (Special) to libshutdown2.o(.ARM.Collect$$libshutdown$$0000000B) for __rt_lib_shutdown_user_alloc_1
    sys_command.o(.text) refers (Special) to use_no_semi.o(.text) for __I$use$semihosting
    sys_command.o(.text) refers (Special) to indicate_semi.o(.text) for __semihosting_library_function
    defsig_rtmem_outer.o(.text) refers to defsig_rtmem_inner.o(.text) for __rt_SIGRTMEM_inner
    defsig_rtmem_outer.o(.text) refers to defsig_exit.o(.text) for __sig_exit
    defsig_rtmem_formal.o(.text) refers to rt_raise.o(.text) for __rt_raise
    rt_raise.o(.text) refers to __raise.o(.text) for __raise
    rt_raise.o(.text) refers to usart.o(.text) for _sys_exit
    defsig_exit.o(.text) refers to usart.o(.text) for _sys_exit
    defsig_rtmem_inner.o(.text) refers to defsig_general.o(.text) for __default_signal_display
    __raise.o(.text) refers to defsig.o(CL$$defsig) for __default_signal_handler
    defsig_general.o(.text) refers to sys_wrch.o(.text) for _ttywrch
    sys_wrch.o(.text) refers (Special) to use_no_semi.o(.text) for __I$use$semihosting
    sys_wrch.o(.text) refers (Special) to indicate_semi.o(.text) for __semihosting_library_function
    defsig.o(CL$$defsig) refers to defsig_rtmem_inner.o(.text) for __rt_SIGRTMEM_inner
    defsig_abrt_inner.o(.text) refers to defsig_general.o(.text) for __default_signal_display
    defsig_fpe_inner.o(.text) refers to defsig_general.o(.text) for __default_signal_display
    defsig_rtred_inner.o(.text) refers to defsig_general.o(.text) for __default_signal_display
    defsig_stak_inner.o(.text) refers to defsig_general.o(.text) for __default_signal_display
    defsig_pvfn_inner.o(.text) refers to defsig_general.o(.text) for __default_signal_display
    defsig_cppl_inner.o(.text) refers to defsig_general.o(.text) for __default_signal_display
    defsig_segv_inner.o(.text) refers to defsig_general.o(.text) for __default_signal_display
    defsig_other.o(.text) refers to defsig_general.o(.text) for __default_signal_display


==============================================================================

Removing Unused input sections from the image.

    Removing core_cm3.o(.emb_text), (32 bytes).
    Removing os_mbox.o(.text), (972 bytes).
    Removing os_mutex.o(.text), (1536 bytes).
    Removing os_sem.o(.text), (908 bytes).
    Removing os_cpu_c.o(.data), (4 bytes).

5 unused section(s) (total 3452 bytes) removed from the image.

==============================================================================

Image Symbol Table

    Local Symbols

    Symbol Name                              Value     Ov Type        Size  Object(Section)

    ../clib/angel/boardlib.s                 0x00000000   Number         0  boardshut.o ABSOLUTE
    ../clib/angel/boardlib.s                 0x00000000   Number         0  boardinit1.o ABSOLUTE
    ../clib/angel/boardlib.s                 0x00000000   Number         0  boardinit2.o ABSOLUTE
    ../clib/angel/boardlib.s                 0x00000000   Number         0  boardinit3.o ABSOLUTE
    ../clib/angel/handlers.s                 0x00000000   Number         0  __scatter_zi.o ABSOLUTE
    ../clib/angel/handlers.s                 0x00000000   Number         0  __scatter_copy.o ABSOLUTE
    ../clib/angel/kernel.s                   0x00000000   Number         0  rtexit.o ABSOLUTE
    ../clib/angel/kernel.s                   0x00000000   Number         0  rtexit2.o ABSOLUTE
    ../clib/angel/kernel.s                   0x00000000   Number         0  rtentry.o ABSOLUTE
    ../clib/angel/kernel.s                   0x00000000   Number         0  rtentry4.o ABSOLUTE
    ../clib/angel/kernel.s                   0x00000000   Number         0  rtentry2.o ABSOLUTE
    ../clib/angel/rt.s                       0x00000000   Number         0  rt_raise.o ABSOLUTE
    ../clib/angel/scatter.s                  0x00000000   Number         0  __scatter.o ABSOLUTE
    ../clib/angel/startup.s                  0x00000000   Number         0  __main.o ABSOLUTE
    ../clib/angel/sys.s                      0x00000000   Number         0  use_no_semi_2.o ABSOLUTE
    ../clib/angel/sys.s                      0x00000000   Number         0  use_no_semi.o ABSOLUTE
    ../clib/angel/sys.s                      0x00000000   Number         0  sys_stackheap_outer.o ABSOLUTE
    ../clib/angel/sys.s                      0x00000000   Number         0  indicate_semi.o ABSOLUTE
    ../clib/angel/sys.s                      0x00000000   Number         0  libspace.o ABSOLUTE
    ../clib/angel/sysapp.c                   0x00000000   Number         0  sys_command.o ABSOLUTE
    ../clib/angel/sysapp.c                   0x00000000   Number         0  sys_wrch.o ABSOLUTE
    ../clib/armsys.c                         0x00000000   Number         0  argv_veneer.o ABSOLUTE
    ../clib/armsys.c                         0x00000000   Number         0  argv_veneer.o ABSOLUTE
    ../clib/armsys.c                         0x00000000   Number         0  _get_argv_nomalloc.o ABSOLUTE
    ../clib/armsys.c                         0x00000000   Number         0  no_argv.o ABSOLUTE
    ../clib/heapalloc.c                      0x00000000   Number         0  hrguard.o ABSOLUTE
    ../clib/heapaux.c                        0x00000000   Number         0  heapauxi.o ABSOLUTE
    ../clib/libinit.s                        0x00000000   Number         0  libshutdown2.o ABSOLUTE
    ../clib/libinit.s                        0x00000000   Number         0  libinit2.o ABSOLUTE
    ../clib/libinit.s                        0x00000000   Number         0  libinit.o ABSOLUTE
    ../clib/libinit.s                        0x00000000   Number         0  libshutdown.o ABSOLUTE
    ../clib/signal.c                         0x00000000   Number         0  defsig_pvfn_inner.o ABSOLUTE
    ../clib/signal.c                         0x00000000   Number         0  defsig_stak_inner.o ABSOLUTE
    ../clib/signal.c                         0x00000000   Number         0  defsig_rtred_inner.o ABSOLUTE
    ../clib/signal.c                         0x00000000   Number         0  defsig_cppl_inner.o ABSOLUTE
    ../clib/signal.c                         0x00000000   Number         0  defsig_fpe_inner.o ABSOLUTE
    ../clib/signal.c                         0x00000000   Number         0  defsig_abrt_inner.o ABSOLUTE
    ../clib/signal.c                         0x00000000   Number         0  defsig_general.o ABSOLUTE
    ../clib/signal.c                         0x00000000   Number         0  defsig_rtmem_outer.o ABSOLUTE
    ../clib/signal.c                         0x00000000   Number         0  __raise.o ABSOLUTE
    ../clib/signal.c                         0x00000000   Number         0  defsig_rtmem_inner.o ABSOLUTE
    ../clib/signal.c                         0x00000000   Number         0  defsig_segv_inner.o ABSOLUTE
    ../clib/signal.c                         0x00000000   Number         0  defsig_exit.o ABSOLUTE
    ../clib/signal.c                         0x00000000   Number         0  defsig_other.o ABSOLUTE
    ../clib/signal.c                         0x00000000   Number         0  defsig_rtmem_formal.o ABSOLUTE
    ../clib/signal.s                         0x00000000   Number         0  defsig.o ABSOLUTE
    ../clib/stdlib.c                         0x00000000   Number         0  exit.o ABSOLUTE
    ../fplib/d2f.s                           0x00000000   Number         0  d2f.o ABSOLUTE
    ../fplib/dcmpi.s                         0x00000000   Number         0  dcmpi.o ABSOLUTE
    ../fplib/ddiv.s                          0x00000000   Number         0  ddiv.o ABSOLUTE
    ../fplib/dflt.s                          0x00000000   Number         0  dflt_clz.o ABSOLUTE
    ../fplib/dleqf.s                         0x00000000   Number         0  dleqf.o ABSOLUTE
    ../fplib/dmul.s                          0x00000000   Number         0  dmul.o ABSOLUTE
    ../fplib/dnaninf.s                       0x00000000   Number         0  dnaninf.o ABSOLUTE
    ../fplib/dretinf.s                       0x00000000   Number         0  dretinf.o ABSOLUTE
    ../fplib/drleqf.s                        0x00000000   Number         0  drleqf.o ABSOLUTE
    ../fplib/f2d.s                           0x00000000   Number         0  f2d.o ABSOLUTE
    ../fplib/faddsub.s                       0x00000000   Number         0  faddsub_clz.o ABSOLUTE
    ../fplib/fcmpi.s                         0x00000000   Number         0  fcmpi.o ABSOLUTE
    ../fplib/ffix.s                          0x00000000   Number         0  ffix.o ABSOLUTE
    ../fplib/fleqf.s                         0x00000000   Number         0  fleqf.o ABSOLUTE
    ../fplib/fnaninf.s                       0x00000000   Number         0  fnaninf.o ABSOLUTE
    ../fplib/fpinit.s                        0x00000000   Number         0  fpinit.o ABSOLUTE
    ../fplib/fretinf.s                       0x00000000   Number         0  fretinf.o ABSOLUTE
    ../fplib/frleqf.s                        0x00000000   Number         0  frleqf.o ABSOLUTE
    ../fplib/usenofp.s                       0x00000000   Number         0  usenofp.o ABSOLUTE
    ..\CORE\core_cm3.c                       0x00000000   Number         0  core_cm3.o ABSOLUTE
    ..\CORE\startup_stm32f10x_hd.s           0x00000000   Number         0  startup_stm32f10x_hd.o ABSOLUTE
    ..\HARDWARE\1602\1602.c                  0x00000000   Number         0  1602.o ABSOLUTE
    ..\HARDWARE\BUJIN\bujin.c                0x00000000   Number         0  bujin.o ABSOLUTE
    ..\HARDWARE\ENCODER\encoder.c            0x00000000   Number         0  encoder.o ABSOLUTE
    ..\HARDWARE\KEY\key.c                    0x00000000   Number         0  key.o ABSOLUTE
    ..\STM32F10x_FWLib\src\misc.c            0x00000000   Number         0  misc.o ABSOLUTE
    ..\STM32F10x_FWLib\src\stm32f10x_exti.c  0x00000000   Number         0  stm32f10x_exti.o ABSOLUTE
    ..\STM32F10x_FWLib\src\stm32f10x_gpio.c  0x00000000   Number         0  stm32f10x_gpio.o ABSOLUTE
    ..\STM32F10x_FWLib\src\stm32f10x_rcc.c   0x00000000   Number         0  stm32f10x_rcc.o ABSOLUTE
    ..\STM32F10x_FWLib\src\stm32f10x_usart.c 0x00000000   Number         0  stm32f10x_usart.o ABSOLUTE
    ..\SYSTEM\delay\delay.c                  0x00000000   Number         0  delay.o ABSOLUTE
    ..\SYSTEM\sys\sys.c                      0x00000000   Number         0  sys.o ABSOLUTE
    ..\SYSTEM\usart\usart.c                  0x00000000   Number         0  usart.o ABSOLUTE
    ..\UCOSII\CORE\os_core.c                 0x00000000   Number         0  os_core.o ABSOLUTE
    ..\UCOSII\CORE\os_flag.c                 0x00000000   Number         0  os_flag.o ABSOLUTE
    ..\UCOSII\CORE\os_mbox.c                 0x00000000   Number         0  os_mbox.o ABSOLUTE
    ..\UCOSII\CORE\os_mem.c                  0x00000000   Number         0  os_mem.o ABSOLUTE
    ..\UCOSII\CORE\os_mutex.c                0x00000000   Number         0  os_mutex.o ABSOLUTE
    ..\UCOSII\CORE\os_q.c                    0x00000000   Number         0  os_q.o ABSOLUTE
    ..\UCOSII\CORE\os_sem.c                  0x00000000   Number         0  os_sem.o ABSOLUTE
    ..\UCOSII\CORE\os_task.c                 0x00000000   Number         0  os_task.o ABSOLUTE
    ..\UCOSII\CORE\os_time.c                 0x00000000   Number         0  os_time.o ABSOLUTE
    ..\UCOSII\CORE\os_tmr.c                  0x00000000   Number         0  os_tmr.o ABSOLUTE
    ..\UCOSII\PORT\os_cpu_a.asm              0x00000000   Number         0  os_cpu_a.o ABSOLUTE
    ..\UCOSII\PORT\os_cpu_c.c                0x00000000   Number         0  os_cpu_c.o ABSOLUTE
    ..\\CORE\\core_cm3.c                     0x00000000   Number         0  core_cm3.o ABSOLUTE
    dc.s                                     0x00000000   Number         0  dc.o ABSOLUTE
    main.c                                   0x00000000   Number         0  main.o ABSOLUTE
    stm32f10x_it.c                           0x00000000   Number         0  stm32f10x_it.o ABSOLUTE
    system_stm32f10x.c                       0x00000000   Number         0  system_stm32f10x.o ABSOLUTE
    RESET                                    0x08000000   Section      304  startup_stm32f10x_hd.o(RESET)
    !!!main                                  0x08000130   Section        8  __main.o(!!!main)
    !!!scatter                               0x08000138   Section       52  __scatter.o(!!!scatter)
    !!handler_copy                           0x0800016c   Section       26  __scatter_copy.o(!!handler_copy)
    !!handler_zi                             0x08000188   Section       28  __scatter_zi.o(!!handler_zi)
    .ARM.Collect$$libinit$$00000000          0x080001a4   Section        2  libinit.o(.ARM.Collect$$libinit$$00000000)
    .ARM.Collect$$libinit$$00000002          0x080001a6   Section        0  libinit2.o(.ARM.Collect$$libinit$$00000002)
    .ARM.Collect$$libinit$$00000008          0x080001a6   Section        0  libinit2.o(.ARM.Collect$$libinit$$00000008)
    .ARM.Collect$$libinit$$0000000A          0x080001a6   Section        0  libinit2.o(.ARM.Collect$$libinit$$0000000A)
    .ARM.Collect$$libinit$$0000000C          0x080001a6   Section        0  libinit2.o(.ARM.Collect$$libinit$$0000000C)
    .ARM.Collect$$libinit$$0000000F          0x080001a6   Section        0  libinit2.o(.ARM.Collect$$libinit$$0000000F)
    .ARM.Collect$$libinit$$00000011          0x080001a6   Section        0  libinit2.o(.ARM.Collect$$libinit$$00000011)
    .ARM.Collect$$libinit$$00000013          0x080001a6   Section        0  libinit2.o(.ARM.Collect$$libinit$$00000013)
    .ARM.Collect$$libinit$$00000015          0x080001a6   Section        0  libinit2.o(.ARM.Collect$$libinit$$00000015)
    .ARM.Collect$$libinit$$00000017          0x080001a6   Section        0  libinit2.o(.ARM.Collect$$libinit$$00000017)
    .ARM.Collect$$libinit$$00000019          0x080001a6   Section        0  libinit2.o(.ARM.Collect$$libinit$$00000019)
    .ARM.Collect$$libinit$$0000001B          0x080001a6   Section        0  libinit2.o(.ARM.Collect$$libinit$$0000001B)
    .ARM.Collect$$libinit$$0000001D          0x080001a6   Section        0  libinit2.o(.ARM.Collect$$libinit$$0000001D)
    .ARM.Collect$$libinit$$0000001F          0x080001a6   Section        0  libinit2.o(.ARM.Collect$$libinit$$0000001F)
    .ARM.Collect$$libinit$$00000021          0x080001a6   Section        0  libinit2.o(.ARM.Collect$$libinit$$00000021)
    .ARM.Collect$$libinit$$00000023          0x080001a6   Section        0  libinit2.o(.ARM.Collect$$libinit$$00000023)
    .ARM.Collect$$libinit$$0000002A          0x080001a6   Section        0  libinit2.o(.ARM.Collect$$libinit$$0000002A)
    .ARM.Collect$$libinit$$0000002C          0x080001a6   Section        0  libinit2.o(.ARM.Collect$$libinit$$0000002C)
    .ARM.Collect$$libinit$$0000002E          0x080001a6   Section        0  libinit2.o(.ARM.Collect$$libinit$$0000002E)
    .ARM.Collect$$libinit$$00000030          0x080001a6   Section        0  libinit2.o(.ARM.Collect$$libinit$$00000030)
    .ARM.Collect$$libinit$$00000031          0x080001a6   Section        2  libinit2.o(.ARM.Collect$$libinit$$00000031)
    .ARM.Collect$$libshutdown$$00000000      0x080001a8   Section        2  libshutdown.o(.ARM.Collect$$libshutdown$$00000000)
    .ARM.Collect$$libshutdown$$00000003      0x080001aa   Section        0  libshutdown2.o(.ARM.Collect$$libshutdown$$00000003)
    .ARM.Collect$$libshutdown$$00000006      0x080001aa   Section        0  libshutdown2.o(.ARM.Collect$$libshutdown$$00000006)
    .ARM.Collect$$libshutdown$$00000009      0x080001aa   Section        0  libshutdown2.o(.ARM.Collect$$libshutdown$$00000009)
    .ARM.Collect$$libshutdown$$0000000B      0x080001aa   Section        0  libshutdown2.o(.ARM.Collect$$libshutdown$$0000000B)
    .ARM.Collect$$libshutdown$$0000000E      0x080001aa   Section        0  libshutdown2.o(.ARM.Collect$$libshutdown$$0000000E)
    .ARM.Collect$$libshutdown$$0000000F      0x080001aa   Section        2  libshutdown2.o(.ARM.Collect$$libshutdown$$0000000F)
    .ARM.Collect$$rtentry$$00000000          0x080001ac   Section        0  rtentry.o(.ARM.Collect$$rtentry$$00000000)
    .ARM.Collect$$rtentry$$00000002          0x080001ac   Section        0  rtentry2.o(.ARM.Collect$$rtentry$$00000002)
    .ARM.Collect$$rtentry$$00000004          0x080001ac   Section        6  rtentry4.o(.ARM.Collect$$rtentry$$00000004)
    .ARM.Collect$$rtentry$$00000009          0x080001b2   Section        0  rtentry2.o(.ARM.Collect$$rtentry$$00000009)
    .ARM.Collect$$rtentry$$0000000A          0x080001b2   Section        4  rtentry2.o(.ARM.Collect$$rtentry$$0000000A)
    .ARM.Collect$$rtentry$$0000000C          0x080001b6   Section        0  rtentry2.o(.ARM.Collect$$rtentry$$0000000C)
    .ARM.Collect$$rtentry$$0000000D          0x080001b6   Section        8  rtentry2.o(.ARM.Collect$$rtentry$$0000000D)
    .ARM.Collect$$rtexit$$00000000           0x080001be   Section        2  rtexit.o(.ARM.Collect$$rtexit$$00000000)
    .ARM.Collect$$rtexit$$00000002           0x080001c0   Section        0  rtexit2.o(.ARM.Collect$$rtexit$$00000002)
    .ARM.Collect$$rtexit$$00000003           0x080001c0   Section        4  rtexit2.o(.ARM.Collect$$rtexit$$00000003)
    .ARM.Collect$$rtexit$$00000004           0x080001c4   Section        6  rtexit2.o(.ARM.Collect$$rtexit$$00000004)
    .text                                    0x080001cc   Section        0  main.o(.text)
    .text                                    0x080003a8   Section        0  stm32f10x_it.o(.text)
    .text                                    0x080003c0   Section        0  system_stm32f10x.o(.text)
    SetSysClockTo72                          0x080003c1   Thumb Code   214  system_stm32f10x.o(.text)
    SetSysClock                              0x08000497   Thumb Code     8  system_stm32f10x.o(.text)
    .text                                    0x080005a0   Section        0  bujin.o(.text)
    .text                                    0x08000734   Section        0  encoder.o(.text)
    .text                                    0x08000870   Section        0  key.o(.text)
    .text                                    0x08000924   Section        0  1602.o(.text)
    .text                                    0x08000acc   Section        0  delay.o(.text)
    .text                                    0x08000bc0   Section        0  sys.o(.text)
    .text                                    0x08000bcc   Section        0  usart.o(.text)
    .text                                    0x08000e3c   Section       64  startup_stm32f10x_hd.o(.text)
    .text                                    0x08000e7c   Section        0  stm32f10x_gpio.o(.text)
    .text                                    0x080011d8   Section        0  stm32f10x_rcc.o(.text)
    .text                                    0x0800157c   Section        0  stm32f10x_usart.o(.text)
    .text                                    0x08001984   Section        0  misc.o(.text)
    .text                                    0x08001a60   Section        0  stm32f10x_exti.o(.text)
    .text                                    0x08001b7c   Section        0  os_core.o(.text)
    OS_InitTaskStat                          0x08001c27   Thumb Code    52  os_core.o(.text)
    OS_InitTaskIdle                          0x08001c7d   Thumb Code    52  os_core.o(.text)
    OS_InitEventList                         0x08001cc3   Thumb Code    74  os_core.o(.text)
    OS_InitTCBList                           0x08001d0d   Thumb Code   106  os_core.o(.text)
    OS_InitRdyList                           0x08001d77   Thumb Code    44  os_core.o(.text)
    OS_InitMisc                              0x08001da3   Thumb Code    44  os_core.o(.text)
    OS_SchedNew                              0x08001e17   Thumb Code    26  os_core.o(.text)
    .text                                    0x0800240c   Section        0  os_flag.o(.text)
    OS_FlagTaskRdy                           0x08002583   Thumb Code    82  os_flag.o(.text)
    OS_FlagBlock                             0x0800273d   Thumb Code   152  os_flag.o(.text)
    .text                                    0x08002c18   Section        0  os_q.o(.text)
    .text                                    0x08003200   Section        0  os_task.o(.text)
    .text                                    0x080039c4   Section        0  os_time.o(.text)
    .text                                    0x08003b74   Section        0  os_cpu_c.o(.text)
    .text                                    0x08003c24   Section      180  os_cpu_a.o(.text)
    .text                                    0x08003cd8   Section        2  use_no_semi_2.o(.text)
    .text                                    0x08003cda   Section        0  heapauxi.o(.text)
    .text                                    0x08003ce0   Section        2  use_no_semi.o(.text)
    .text                                    0x08003ce2   Section       74  sys_stackheap_outer.o(.text)
    .text                                    0x08003d2c   Section        0  exit.o(.text)
    .text                                    0x08003d38   Section        8  libspace.o(.text)
    x$fpl$d2f                                0x08003d40   Section       98  d2f.o(x$fpl$d2f)
    x$fpl$dcmpinf                            0x08003da2   Section       24  dcmpi.o(x$fpl$dcmpinf)
    x$fpl$ddiv                               0x08003dbc   Section      688  ddiv.o(x$fpl$ddiv)
    ddiv_entry                               0x08003dc3   Thumb Code     0  ddiv.o(x$fpl$ddiv)
    x$fpl$dfltu                              0x0800406c   Section       38  dflt_clz.o(x$fpl$dfltu)
    x$fpl$dleqf                              0x08004094   Section      120  dleqf.o(x$fpl$dleqf)
    x$fpl$dmul                               0x0800410c   Section      340  dmul.o(x$fpl$dmul)
    x$fpl$dnaninf                            0x08004260   Section      156  dnaninf.o(x$fpl$dnaninf)
    x$fpl$dretinf                            0x080042fc   Section       12  dretinf.o(x$fpl$dretinf)
    x$fpl$drleqf                             0x08004308   Section      108  drleqf.o(x$fpl$drleqf)
    x$fpl$f2d                                0x08004374   Section       86  f2d.o(x$fpl$f2d)
    x$fpl$fadd                               0x080043cc   Section      196  faddsub_clz.o(x$fpl$fadd)
    _fadd1                                   0x080043db   Thumb Code     0  faddsub_clz.o(x$fpl$fadd)
    x$fpl$fcmpinf                            0x08004490   Section       24  fcmpi.o(x$fpl$fcmpinf)
    x$fpl$ffix                               0x080044a8   Section       54  ffix.o(x$fpl$ffix)
    x$fpl$fleqf                              0x080044e0   Section      104  fleqf.o(x$fpl$fleqf)
    x$fpl$fnaninf                            0x08004548   Section      140  fnaninf.o(x$fpl$fnaninf)
    x$fpl$fretinf                            0x080045d4   Section       10  fretinf.o(x$fpl$fretinf)
    x$fpl$frleqf                             0x080045de   Section       98  frleqf.o(x$fpl$frleqf)
    x$fpl$fsub                               0x08004640   Section      234  faddsub_clz.o(x$fpl$fsub)
    _fsub1                                   0x0800464f   Thumb Code     0  faddsub_clz.o(x$fpl$fsub)
    .constdata                               0x0800472a   Section      256  os_core.o(.constdata)
    x$fpl$usenofp                            0x0800472a   Section        0  usenofp.o(x$fpl$usenofp)
    .data                                    0x20000000   Section        4  main.o(.data)
    .data                                    0x20000004   Section       20  system_stm32f10x.o(.data)
    .data                                    0x20000018   Section        4  encoder.o(.data)
    .data                                    0x2000001c   Section        1  key.o(.data)
    key_up                                   0x2000001c   Data           1  key.o(.data)
    .data                                    0x2000001e   Section        4  delay.o(.data)
    fac_us                                   0x2000001e   Data           1  delay.o(.data)
    fac_ms                                   0x20000020   Data           2  delay.o(.data)
    .data                                    0x20000024   Section        8  usart.o(.data)
    .data                                    0x2000002c   Section       20  stm32f10x_rcc.o(.data)
    APBAHBPrescTable                         0x2000002c   Data          16  stm32f10x_rcc.o(.data)
    ADCPrescTable                            0x2000003c   Data           4  stm32f10x_rcc.o(.data)
    .data                                    0x20000040   Section       72  os_core.o(.data)
    .bss                                     0x20000088   Section      222  usart.o(.bss)
    .bss                                     0x20000168   Section     2688  os_core.o(.bss)
    .bss                                     0x20000be8   Section       96  libspace.o(.bss)
    HEAP                                     0x20000c48   Section      512  startup_stm32f10x_hd.o(HEAP)
    Heap_Mem                                 0x20000c48   Data         512  startup_stm32f10x_hd.o(HEAP)
    STACK                                    0x20000e48   Section     1024  startup_stm32f10x_hd.o(STACK)
    Stack_Mem                                0x20000e48   Data        1024  startup_stm32f10x_hd.o(STACK)
    __initial_sp                             0x20001248   Data           0  startup_stm32f10x_hd.o(STACK)

    Global Symbols

    Symbol Name                              Value     Ov Type        Size  Object(Section)

    BuildAttributes$$THM_ISAv4$P$D$K$B$S$PE$A:L22UL41UL21$X:L11$S22US41US21$IEEE1$IW$USESV6$~STKCKD$USESV7$~SHL$OSPACE$ROPI$EBA8$UX$STANDARDLIB$REQ8$PRES8$EABIv2 0x00000000   Number         0  anon$$obj.o ABSOLUTE
    __ARM_use_no_argv                        0x00000000   Number         0  main.o ABSOLUTE
    __ARM_exceptions_init                     - Undefined Weak Reference
    __alloca_initialize                       - Undefined Weak Reference
    __cpp_initialize__aeabi_                  - Undefined Weak Reference
    __cxa_finalize                            - Undefined Weak Reference
    __rt_locale                               - Undefined Weak Reference
    __sigvec_lookup                           - Undefined Weak Reference
    _atexit_init                              - Undefined Weak Reference
    _call_atexit_fns                          - Undefined Weak Reference
    _clock_init                               - Undefined Weak Reference
    _fp_trap_init                             - Undefined Weak Reference
    _fp_trap_shutdown                         - Undefined Weak Reference
    _get_lc_collate                           - Undefined Weak Reference
    _get_lc_ctype                             - Undefined Weak Reference
    _get_lc_monetary                          - Undefined Weak Reference
    _get_lc_numeric                           - Undefined Weak Reference
    _get_lc_time                              - Undefined Weak Reference
    _getenv_init                              - Undefined Weak Reference
    _handle_redirection                       - Undefined Weak Reference
    _init_alloc                               - Undefined Weak Reference
    _init_user_alloc                          - Undefined Weak Reference
    _initio                                   - Undefined Weak Reference
    _rand_init                                - Undefined Weak Reference
    _signal_finish                            - Undefined Weak Reference
    _signal_init                              - Undefined Weak Reference
    _terminate_alloc                          - Undefined Weak Reference
    _terminate_user_alloc                     - Undefined Weak Reference
    _terminateio                              - Undefined Weak Reference
    __Vectors_Size                           0x00000130   Number         0  startup_stm32f10x_hd.o ABSOLUTE
    __Vectors                                0x08000000   Data           4  startup_stm32f10x_hd.o(RESET)
    __Vectors_End                            0x08000130   Data           0  startup_stm32f10x_hd.o(RESET)
    __main                                   0x08000131   Thumb Code     8  __main.o(!!!main)
    __scatterload                            0x08000139   Thumb Code     0  __scatter.o(!!!scatter)
    __scatterload_rt2                        0x08000139   Thumb Code    44  __scatter.o(!!!scatter)
    __scatterload_rt2_thumb_only             0x08000139   Thumb Code     0  __scatter.o(!!!scatter)
    __scatterload_null                       0x08000147   Thumb Code     0  __scatter.o(!!!scatter)
    __scatterload_copy                       0x0800016d   Thumb Code    26  __scatter_copy.o(!!handler_copy)
    __scatterload_zeroinit                   0x08000189   Thumb Code    28  __scatter_zi.o(!!handler_zi)
    __rt_lib_init                            0x080001a5   Thumb Code     0  libinit.o(.ARM.Collect$$libinit$$00000000)
    __rt_lib_init_alloca_1                   0x080001a7   Thumb Code     0  libinit2.o(.ARM.Collect$$libinit$$0000002C)
    __rt_lib_init_argv_1                     0x080001a7   Thumb Code     0  libinit2.o(.ARM.Collect$$libinit$$0000002A)
    __rt_lib_init_atexit_1                   0x080001a7   Thumb Code     0  libinit2.o(.ARM.Collect$$libinit$$00000019)
    __rt_lib_init_clock_1                    0x080001a7   Thumb Code     0  libinit2.o(.ARM.Collect$$libinit$$0000001F)
    __rt_lib_init_cpp_1                      0x080001a7   Thumb Code     0  libinit2.o(.ARM.Collect$$libinit$$00000030)
    __rt_lib_init_exceptions_1               0x080001a7   Thumb Code     0  libinit2.o(.ARM.Collect$$libinit$$0000002E)
    __rt_lib_init_fp_1                       0x080001a7   Thumb Code     0  libinit2.o(.ARM.Collect$$libinit$$00000002)
    __rt_lib_init_fp_trap_1                  0x080001a7   Thumb Code     0  libinit2.o(.ARM.Collect$$libinit$$0000001D)
    __rt_lib_init_getenv_1                   0x080001a7   Thumb Code     0  libinit2.o(.ARM.Collect$$libinit$$00000021)
    __rt_lib_init_heap_1                     0x080001a7   Thumb Code     0  libinit2.o(.ARM.Collect$$libinit$$00000008)
    __rt_lib_init_lc_collate_1               0x080001a7   Thumb Code     0  libinit2.o(.ARM.Collect$$libinit$$0000000F)
    __rt_lib_init_lc_ctype_1                 0x080001a7   Thumb Code     0  libinit2.o(.ARM.Collect$$libinit$$00000011)
    __rt_lib_init_lc_monetary_1              0x080001a7   Thumb Code     0  libinit2.o(.ARM.Collect$$libinit$$00000013)
    __rt_lib_init_lc_numeric_1               0x080001a7   Thumb Code     0  libinit2.o(.ARM.Collect$$libinit$$00000015)
    __rt_lib_init_lc_time_1                  0x080001a7   Thumb Code     0  libinit2.o(.ARM.Collect$$libinit$$00000017)
    __rt_lib_init_rand_1                     0x080001a7   Thumb Code     0  libinit2.o(.ARM.Collect$$libinit$$0000000C)
    __rt_lib_init_return                     0x080001a7   Thumb Code     0  libinit2.o(.ARM.Collect$$libinit$$00000031)
    __rt_lib_init_signal_1                   0x080001a7   Thumb Code     0  libinit2.o(.ARM.Collect$$libinit$$0000001B)
    __rt_lib_init_stdio_1                    0x080001a7   Thumb Code     0  libinit2.o(.ARM.Collect$$libinit$$00000023)
    __rt_lib_init_user_alloc_1               0x080001a7   Thumb Code     0  libinit2.o(.ARM.Collect$$libinit$$0000000A)
    __rt_lib_shutdown                        0x080001a9   Thumb Code     0  libshutdown.o(.ARM.Collect$$libshutdown$$00000000)
    __rt_lib_shutdown_fp_trap_1              0x080001ab   Thumb Code     0  libshutdown2.o(.ARM.Collect$$libshutdown$$00000006)
    __rt_lib_shutdown_heap_1                 0x080001ab   Thumb Code     0  libshutdown2.o(.ARM.Collect$$libshutdown$$0000000E)
    __rt_lib_shutdown_return                 0x080001ab   Thumb Code     0  libshutdown2.o(.ARM.Collect$$libshutdown$$0000000F)
    __rt_lib_shutdown_signal_1               0x080001ab   Thumb Code     0  libshutdown2.o(.ARM.Collect$$libshutdown$$00000009)
    __rt_lib_shutdown_stdio_1                0x080001ab   Thumb Code     0  libshutdown2.o(.ARM.Collect$$libshutdown$$00000003)
    __rt_lib_shutdown_user_alloc_1           0x080001ab   Thumb Code     0  libshutdown2.o(.ARM.Collect$$libshutdown$$0000000B)
    __rt_entry                               0x080001ad   Thumb Code     0  rtentry.o(.ARM.Collect$$rtentry$$00000000)
    __rt_entry_presh_1                       0x080001ad   Thumb Code     0  rtentry2.o(.ARM.Collect$$rtentry$$00000002)
    __rt_entry_sh                            0x080001ad   Thumb Code     0  rtentry4.o(.ARM.Collect$$rtentry$$00000004)
    __rt_entry_li                            0x080001b3   Thumb Code     0  rtentry2.o(.ARM.Collect$$rtentry$$0000000A)
    __rt_entry_postsh_1                      0x080001b3   Thumb Code     0  rtentry2.o(.ARM.Collect$$rtentry$$00000009)
    __rt_entry_main                          0x080001b7   Thumb Code     0  rtentry2.o(.ARM.Collect$$rtentry$$0000000D)
    __rt_entry_postli_1                      0x080001b7   Thumb Code     0  rtentry2.o(.ARM.Collect$$rtentry$$0000000C)
    __rt_exit                                0x080001bf   Thumb Code     0  rtexit.o(.ARM.Collect$$rtexit$$00000000)
    __rt_exit_ls                             0x080001c1   Thumb Code     0  rtexit2.o(.ARM.Collect$$rtexit$$00000003)
    __rt_exit_prels_1                        0x080001c1   Thumb Code     0  rtexit2.o(.ARM.Collect$$rtexit$$00000002)
    __rt_exit_exit                           0x080001c5   Thumb Code     0  rtexit2.o(.ARM.Collect$$rtexit$$00000004)
    System_init                              0x080001cd   Thumb Code    36  main.o(.text)
    tar2                                     0x080001f1   Thumb Code   268  main.o(.text)
    tar1                                     0x080002fd   Thumb Code    84  main.o(.text)
    main                                     0x08000351   Thumb Code    60  main.o(.text)
    NMI_Handler                              0x080003a9   Thumb Code     2  stm32f10x_it.o(.text)
    HardFault_Handler                        0x080003ab   Thumb Code     4  stm32f10x_it.o(.text)
    MemManage_Handler                        0x080003af   Thumb Code     4  stm32f10x_it.o(.text)
    BusFault_Handler                         0x080003b3   Thumb Code     4  stm32f10x_it.o(.text)
    UsageFault_Handler                       0x080003b7   Thumb Code     4  stm32f10x_it.o(.text)
    SVC_Handler                              0x080003bb   Thumb Code     2  stm32f10x_it.o(.text)
    DebugMon_Handler                         0x080003bd   Thumb Code     2  stm32f10x_it.o(.text)
    SystemInit                               0x0800049f   Thumb Code    78  system_stm32f10x.o(.text)
    SystemCoreClockUpdate                    0x080004ed   Thumb Code   142  system_stm32f10x.o(.text)
    bujin_init                               0x080005a1   Thumb Code    84  bujin.o(.text)
    Moter_Stop                               0x080005f5   Thumb Code    26  bujin.o(.text)
    Moter_Go                                 0x0800060f   Thumb Code   280  bujin.o(.text)
    encoder_init                             0x08000735   Thumb Code   188  encoder.o(.text)
    EXTI0_IRQHandler                         0x080007f1   Thumb Code    32  encoder.o(.text)
    EXTI1_IRQHandler                         0x08000811   Thumb Code    34  encoder.o(.text)
    encoder_get_angle                        0x08000833   Thumb Code    42  encoder.o(.text)
    KEY_Init                                 0x08000871   Thumb Code    54  key.o(.text)
    KEY_Scan                                 0x080008a7   Thumb Code   114  key.o(.text)
    lcd1602_wc                               0x08000925   Thumb Code    46  1602.o(.text)
    lcd1602_init                             0x08000953   Thumb Code   232  1602.o(.text)
    lcd1602_wd                               0x08000a3b   Thumb Code    46  1602.o(.text)
    lcd1602_show                             0x08000a69   Thumb Code    82  1602.o(.text)
    SysTick_Handler                          0x08000acd   Thumb Code    16  delay.o(.text)
    delay_init                               0x08000add   Thumb Code    76  delay.o(.text)
    delay_us                                 0x08000b29   Thumb Code    70  delay.o(.text)
    delay_ms                                 0x08000b6f   Thumb Code    62  delay.o(.text)
    NVIC_Configuration                       0x08000bc1   Thumb Code    12  sys.o(.text)
    _sys_exit                                0x08000bcd   Thumb Code     6  usart.o(.text)
    fputc                                    0x08000bd3   Thumb Code    24  usart.o(.text)
    uart_init                                0x08000beb   Thumb Code   158  usart.o(.text)
    USART1_IRQHandler                        0x08000c89   Thumb Code   130  usart.o(.text)
    uart2_init                               0x08000d0b   Thumb Code   170  usart.o(.text)
    USART2_IRQHandler                        0x08000db5   Thumb Code    98  usart.o(.text)
    Reset_Handler                            0x08000e3d   Thumb Code     8  startup_stm32f10x_hd.o(.text)
    ADC1_2_IRQHandler                        0x08000e57   Thumb Code     0  startup_stm32f10x_hd.o(.text)
    ADC3_IRQHandler                          0x08000e57   Thumb Code     0  startup_stm32f10x_hd.o(.text)
    CAN1_RX1_IRQHandler                      0x08000e57   Thumb Code     0  startup_stm32f10x_hd.o(.text)
    CAN1_SCE_IRQHandler                      0x08000e57   Thumb Code     0  startup_stm32f10x_hd.o(.text)
    DMA1_Channel1_IRQHandler                 0x08000e57   Thumb Code     0  startup_stm32f10x_hd.o(.text)
    DMA1_Channel2_IRQHandler                 0x08000e57   Thumb Code     0  startup_stm32f10x_hd.o(.text)
    DMA1_Channel3_IRQHandler                 0x08000e57   Thumb Code     0  startup_stm32f10x_hd.o(.text)
    DMA1_Channel4_IRQHandler                 0x08000e57   Thumb Code     0  startup_stm32f10x_hd.o(.text)
    DMA1_Channel5_IRQHandler                 0x08000e57   Thumb Code     0  startup_stm32f10x_hd.o(.text)
    DMA1_Channel6_IRQHandler                 0x08000e57   Thumb Code     0  startup_stm32f10x_hd.o(.text)
    DMA1_Channel7_IRQHandler                 0x08000e57   Thumb Code     0  startup_stm32f10x_hd.o(.text)
    DMA2_Channel1_IRQHandler                 0x08000e57   Thumb Code     0  startup_stm32f10x_hd.o(.text)
    DMA2_Channel2_IRQHandler                 0x08000e57   Thumb Code     0  startup_stm32f10x_hd.o(.text)
    DMA2_Channel3_IRQHandler                 0x08000e57   Thumb Code     0  startup_stm32f10x_hd.o(.text)
    DMA2_Channel4_5_IRQHandler               0x08000e57   Thumb Code     0  startup_stm32f10x_hd.o(.text)
    EXTI15_10_IRQHandler                     0x08000e57   Thumb Code     0  startup_stm32f10x_hd.o(.text)
    EXTI2_IRQHandler                         0x08000e57   Thumb Code     0  startup_stm32f10x_hd.o(.text)
    EXTI3_IRQHandler                         0x08000e57   Thumb Code     0  startup_stm32f10x_hd.o(.text)
    EXTI4_IRQHandler                         0x08000e57   Thumb Code     0  startup_stm32f10x_hd.o(.text)
    EXTI9_5_IRQHandler                       0x08000e57   Thumb Code     0  startup_stm32f10x_hd.o(.text)
    FLASH_IRQHandler                         0x08000e57   Thumb Code     0  startup_stm32f10x_hd.o(.text)
    FSMC_IRQHandler                          0x08000e57   Thumb Code     0  startup_stm32f10x_hd.o(.text)
    I2C1_ER_IRQHandler                       0x08000e57   Thumb Code     0  startup_stm32f10x_hd.o(.text)
    I2C1_EV_IRQHandler                       0x08000e57   Thumb Code     0  startup_stm32f10x_hd.o(.text)
    I2C2_ER_IRQHandler                       0x08000e57   Thumb Code     0  startup_stm32f10x_hd.o(.text)
    I2C2_EV_IRQHandler                       0x08000e57   Thumb Code     0  startup_stm32f10x_hd.o(.text)
    PVD_IRQHandler                           0x08000e57   Thumb Code     0  startup_stm32f10x_hd.o(.text)
    RCC_IRQHandler                           0x08000e57   Thumb Code     0  startup_stm32f10x_hd.o(.text)
    RTCAlarm_IRQHandler                      0x08000e57   Thumb Code     0  startup_stm32f10x_hd.o(.text)
    RTC_IRQHandler                           0x08000e57   Thumb Code     0  startup_stm32f10x_hd.o(.text)
    SDIO_IRQHandler                          0x08000e57   Thumb Code     0  startup_stm32f10x_hd.o(.text)
    SPI1_IRQHandler                          0x08000e57   Thumb Code     0  startup_stm32f10x_hd.o(.text)
    SPI2_IRQHandler                          0x08000e57   Thumb Code     0  startup_stm32f10x_hd.o(.text)
    SPI3_IRQHandler                          0x08000e57   Thumb Code     0  startup_stm32f10x_hd.o(.text)
    TAMPER_IRQHandler                        0x08000e57   Thumb Code     0  startup_stm32f10x_hd.o(.text)
    TIM1_BRK_IRQHandler                      0x08000e57   Thumb Code     0  startup_stm32f10x_hd.o(.text)
    TIM1_CC_IRQHandler                       0x08000e57   Thumb Code     0  startup_stm32f10x_hd.o(.text)
    TIM1_TRG_COM_IRQHandler                  0x08000e57   Thumb Code     0  startup_stm32f10x_hd.o(.text)
    TIM1_UP_IRQHandler                       0x08000e57   Thumb Code     0  startup_stm32f10x_hd.o(.text)
    TIM2_IRQHandler                          0x08000e57   Thumb Code     0  startup_stm32f10x_hd.o(.text)
    TIM3_IRQHandler                          0x08000e57   Thumb Code     0  startup_stm32f10x_hd.o(.text)
    TIM4_IRQHandler                          0x08000e57   Thumb Code     0  startup_stm32f10x_hd.o(.text)
    TIM5_IRQHandler                          0x08000e57   Thumb Code     0  startup_stm32f10x_hd.o(.text)
    TIM6_IRQHandler                          0x08000e57   Thumb Code     0  startup_stm32f10x_hd.o(.text)
    TIM7_IRQHandler                          0x08000e57   Thumb Code     0  startup_stm32f10x_hd.o(.text)
    TIM8_BRK_IRQHandler                      0x08000e57   Thumb Code     0  startup_stm32f10x_hd.o(.text)
    TIM8_CC_IRQHandler                       0x08000e57   Thumb Code     0  startup_stm32f10x_hd.o(.text)
    TIM8_TRG_COM_IRQHandler                  0x08000e57   Thumb Code     0  startup_stm32f10x_hd.o(.text)
    TIM8_UP_IRQHandler                       0x08000e57   Thumb Code     0  startup_stm32f10x_hd.o(.text)
    UART4_IRQHandler                         0x08000e57   Thumb Code     0  startup_stm32f10x_hd.o(.text)
    UART5_IRQHandler                         0x08000e57   Thumb Code     0  startup_stm32f10x_hd.o(.text)
    USART3_IRQHandler                        0x08000e57   Thumb Code     0  startup_stm32f10x_hd.o(.text)
    USBWakeUp_IRQHandler                     0x08000e57   Thumb Code     0  startup_stm32f10x_hd.o(.text)
    USB_HP_CAN1_TX_IRQHandler                0x08000e57   Thumb Code     0  startup_stm32f10x_hd.o(.text)
    USB_LP_CAN1_RX0_IRQHandler               0x08000e57   Thumb Code     0  startup_stm32f10x_hd.o(.text)
    WWDG_IRQHandler                          0x08000e57   Thumb Code     0  startup_stm32f10x_hd.o(.text)
    __user_initial_stackheap                 0x08000e59   Thumb Code     0  startup_stm32f10x_hd.o(.text)
    GPIO_DeInit                              0x08000e7d   Thumb Code   172  stm32f10x_gpio.o(.text)
    GPIO_AFIODeInit                          0x08000f29   Thumb Code    20  stm32f10x_gpio.o(.text)
    GPIO_Init                                0x08000f3d   Thumb Code   278  stm32f10x_gpio.o(.text)
    GPIO_StructInit                          0x08001053   Thumb Code    16  stm32f10x_gpio.o(.text)
    GPIO_ReadInputDataBit                    0x08001063   Thumb Code    18  stm32f10x_gpio.o(.text)
    GPIO_ReadInputData                       0x08001075   Thumb Code     8  stm32f10x_gpio.o(.text)
    GPIO_ReadOutputDataBit                   0x0800107d   Thumb Code    18  stm32f10x_gpio.o(.text)
    GPIO_ReadOutputData                      0x0800108f   Thumb Code     8  stm32f10x_gpio.o(.text)
    GPIO_SetBits                             0x08001097   Thumb Code     4  stm32f10x_gpio.o(.text)
    GPIO_ResetBits                           0x0800109b   Thumb Code     4  stm32f10x_gpio.o(.text)
    GPIO_WriteBit                            0x0800109f   Thumb Code    10  stm32f10x_gpio.o(.text)
    GPIO_Write                               0x080010a9   Thumb Code     4  stm32f10x_gpio.o(.text)
    GPIO_PinLockConfig                       0x080010ad   Thumb Code    18  stm32f10x_gpio.o(.text)
    GPIO_EventOutputConfig                   0x080010bf   Thumb Code    26  stm32f10x_gpio.o(.text)
    GPIO_EventOutputCmd                      0x080010d9   Thumb Code     6  stm32f10x_gpio.o(.text)
    GPIO_PinRemapConfig                      0x080010df   Thumb Code   138  stm32f10x_gpio.o(.text)
    GPIO_EXTILineConfig                      0x08001169   Thumb Code    66  stm32f10x_gpio.o(.text)
    GPIO_ETH_MediaInterfaceConfig            0x080011ab   Thumb Code     8  stm32f10x_gpio.o(.text)
    RCC_DeInit                               0x080011d9   Thumb Code    64  stm32f10x_rcc.o(.text)
    RCC_HSEConfig                            0x08001219   Thumb Code    70  stm32f10x_rcc.o(.text)
    RCC_GetFlagStatus                        0x0800125f   Thumb Code    56  stm32f10x_rcc.o(.text)
    RCC_WaitForHSEStartUp                    0x08001297   Thumb Code    56  stm32f10x_rcc.o(.text)
    RCC_AdjustHSICalibrationValue            0x080012cf   Thumb Code    20  stm32f10x_rcc.o(.text)
    RCC_HSICmd                               0x080012e3   Thumb Code     6  stm32f10x_rcc.o(.text)
    RCC_PLLConfig                            0x080012e9   Thumb Code    24  stm32f10x_rcc.o(.text)
    RCC_PLLCmd                               0x08001301   Thumb Code     6  stm32f10x_rcc.o(.text)
    RCC_SYSCLKConfig                         0x08001307   Thumb Code    18  stm32f10x_rcc.o(.text)
    RCC_GetSYSCLKSource                      0x08001319   Thumb Code    10  stm32f10x_rcc.o(.text)
    RCC_HCLKConfig                           0x08001323   Thumb Code    18  stm32f10x_rcc.o(.text)
    RCC_PCLK1Config                          0x08001335   Thumb Code    18  stm32f10x_rcc.o(.text)
    RCC_PCLK2Config                          0x08001347   Thumb Code    20  stm32f10x_rcc.o(.text)
    RCC_ITConfig                             0x0800135b   Thumb Code    26  stm32f10x_rcc.o(.text)
    RCC_USBCLKConfig                         0x08001375   Thumb Code     8  stm32f10x_rcc.o(.text)
    RCC_ADCCLKConfig                         0x0800137d   Thumb Code    18  stm32f10x_rcc.o(.text)
    RCC_LSEConfig                            0x0800138f   Thumb Code    50  stm32f10x_rcc.o(.text)
    RCC_LSICmd                               0x080013c1   Thumb Code     6  stm32f10x_rcc.o(.text)
    RCC_RTCCLKConfig                         0x080013c7   Thumb Code    12  stm32f10x_rcc.o(.text)
    RCC_RTCCLKCmd                            0x080013d3   Thumb Code     8  stm32f10x_rcc.o(.text)
    RCC_GetClocksFreq                        0x080013db   Thumb Code   192  stm32f10x_rcc.o(.text)
    RCC_AHBPeriphClockCmd                    0x0800149b   Thumb Code    26  stm32f10x_rcc.o(.text)
    RCC_APB2PeriphClockCmd                   0x080014b5   Thumb Code    26  stm32f10x_rcc.o(.text)
    RCC_APB1PeriphClockCmd                   0x080014cf   Thumb Code    26  stm32f10x_rcc.o(.text)
    RCC_APB2PeriphResetCmd                   0x080014e9   Thumb Code    26  stm32f10x_rcc.o(.text)
    RCC_APB1PeriphResetCmd                   0x08001503   Thumb Code    26  stm32f10x_rcc.o(.text)
    RCC_BackupResetCmd                       0x0800151d   Thumb Code     8  stm32f10x_rcc.o(.text)
    RCC_ClockSecuritySystemCmd               0x08001525   Thumb Code     6  stm32f10x_rcc.o(.text)
    RCC_MCOConfig                            0x0800152b   Thumb Code     6  stm32f10x_rcc.o(.text)
    RCC_ClearFlag                            0x08001531   Thumb Code    14  stm32f10x_rcc.o(.text)
    RCC_GetITStatus                          0x0800153f   Thumb Code    20  stm32f10x_rcc.o(.text)
    RCC_ClearITPendingBit                    0x08001553   Thumb Code     6  stm32f10x_rcc.o(.text)
    USART_DeInit                             0x0800157d   Thumb Code   134  stm32f10x_usart.o(.text)
    USART_Init                               0x08001603   Thumb Code   210  stm32f10x_usart.o(.text)
    USART_StructInit                         0x080016d5   Thumb Code    24  stm32f10x_usart.o(.text)
    USART_ClockInit                          0x080016ed   Thumb Code    34  stm32f10x_usart.o(.text)
    USART_ClockStructInit                    0x0800170f   Thumb Code    12  stm32f10x_usart.o(.text)
    USART_Cmd                                0x0800171b   Thumb Code    24  stm32f10x_usart.o(.text)
    USART_ITConfig                           0x08001733   Thumb Code    74  stm32f10x_usart.o(.text)
    USART_DMACmd                             0x0800177d   Thumb Code    18  stm32f10x_usart.o(.text)
    USART_SetAddress                         0x0800178f   Thumb Code    18  stm32f10x_usart.o(.text)
    USART_WakeUpConfig                       0x080017a1   Thumb Code    18  stm32f10x_usart.o(.text)
    USART_ReceiverWakeUpCmd                  0x080017b3   Thumb Code    24  stm32f10x_usart.o(.text)
    USART_LINBreakDetectLengthConfig         0x080017cb   Thumb Code    18  stm32f10x_usart.o(.text)
    USART_LINCmd                             0x080017dd   Thumb Code    24  stm32f10x_usart.o(.text)
    USART_SendData                           0x080017f5   Thumb Code     8  stm32f10x_usart.o(.text)
    USART_ReceiveData                        0x080017fd   Thumb Code    10  stm32f10x_usart.o(.text)
    USART_SendBreak                          0x08001807   Thumb Code    10  stm32f10x_usart.o(.text)
    USART_SetGuardTime                       0x08001811   Thumb Code    16  stm32f10x_usart.o(.text)
    USART_SetPrescaler                       0x08001821   Thumb Code    16  stm32f10x_usart.o(.text)
    USART_SmartCardCmd                       0x08001831   Thumb Code    24  stm32f10x_usart.o(.text)
    USART_SmartCardNACKCmd                   0x08001849   Thumb Code    24  stm32f10x_usart.o(.text)
    USART_HalfDuplexCmd                      0x08001861   Thumb Code    24  stm32f10x_usart.o(.text)
    USART_OverSampling8Cmd                   0x08001879   Thumb Code    22  stm32f10x_usart.o(.text)
    USART_OneBitMethodCmd                    0x0800188f   Thumb Code    24  stm32f10x_usart.o(.text)
    USART_IrDAConfig                         0x080018a7   Thumb Code    18  stm32f10x_usart.o(.text)
    USART_IrDACmd                            0x080018b9   Thumb Code    24  stm32f10x_usart.o(.text)
    USART_GetFlagStatus                      0x080018d1   Thumb Code    26  stm32f10x_usart.o(.text)
    USART_ClearFlag                          0x080018eb   Thumb Code    18  stm32f10x_usart.o(.text)
    USART_GetITStatus                        0x080018fd   Thumb Code    84  stm32f10x_usart.o(.text)
    USART_ClearITPendingBit                  0x08001951   Thumb Code    52  stm32f10x_usart.o(.text)
    NVIC_PriorityGroupConfig                 0x08001985   Thumb Code    10  misc.o(.text)
    NVIC_Init                                0x0800198f   Thumb Code   100  misc.o(.text)
    NVIC_SetVectorTable                      0x080019f3   Thumb Code    14  misc.o(.text)
    NVIC_SystemLPConfig                      0x08001a01   Thumb Code    34  misc.o(.text)
    SysTick_CLKSourceConfig                  0x08001a23   Thumb Code    40  misc.o(.text)
    EXTI_DeInit                              0x08001a61   Thumb Code    28  stm32f10x_exti.o(.text)
    EXTI_Init                                0x08001a7d   Thumb Code   142  stm32f10x_exti.o(.text)
    EXTI_StructInit                          0x08001b0b   Thumb Code    16  stm32f10x_exti.o(.text)
    EXTI_GenerateSWInterrupt                 0x08001b1b   Thumb Code    16  stm32f10x_exti.o(.text)
    EXTI_GetFlagStatus                       0x08001b2b   Thumb Code    22  stm32f10x_exti.o(.text)
    EXTI_ClearFlag                           0x08001b41   Thumb Code     8  stm32f10x_exti.o(.text)
    EXTI_GetITStatus                         0x08001b49   Thumb Code    34  stm32f10x_exti.o(.text)
    EXTI_ClearITPendingBit                   0x08001b6b   Thumb Code     8  stm32f10x_exti.o(.text)
    OS_TaskStatStkChk                        0x08001b7d   Thumb Code    54  os_core.o(.text)
    OS_TaskStat                              0x08001bb3   Thumb Code   116  os_core.o(.text)
    OS_TaskIdle                              0x08001c5b   Thumb Code    34  os_core.o(.text)
    OS_MemClr                                0x08001cb1   Thumb Code    18  os_core.o(.text)
    OSInit                                   0x08001dcf   Thumb Code    44  os_core.o(.text)
    OSIntEnter                               0x08001dfb   Thumb Code    28  os_core.o(.text)
    OSIntExit                                0x08001e31   Thumb Code   112  os_core.o(.text)
    OSSchedLock                              0x08001ea1   Thumb Code    50  os_core.o(.text)
    OS_Sched                                 0x08001ed3   Thumb Code    88  os_core.o(.text)
    OSSchedUnlock                            0x08001f2b   Thumb Code   238  os_core.o(.text)
    OSStart                                  0x08002019   Thumb Code    48  os_core.o(.text)
    OSStatInit                               0x08002049   Thumb Code    62  os_core.o(.text)
    OSTimeTick                               0x08002087   Thumb Code   210  os_core.o(.text)
    OSVersion                                0x08002159   Thumb Code     6  os_core.o(.text)
    OS_Dummy                                 0x0800215f   Thumb Code     2  os_core.o(.text)
    OS_EventTaskRemove                       0x08002161   Thumb Code    42  os_core.o(.text)
    OS_EventTaskRdy                          0x0800218b   Thumb Code   114  os_core.o(.text)
    OS_EventTaskWait                         0x080021fd   Thumb Code   112  os_core.o(.text)
    OS_EventWaitListInit                     0x0800226d   Thumb Code    28  os_core.o(.text)
    OS_MemCopy                               0x08002289   Thumb Code    20  os_core.o(.text)
    OS_StrLen                                0x0800229d   Thumb Code    20  os_core.o(.text)
    OS_TCBInit                               0x080022b1   Thumb Code   280  os_core.o(.text)
    OSFlagAccept                             0x0800240d   Thumb Code   252  os_flag.o(.text)
    OSFlagCreate                             0x08002509   Thumb Code    86  os_flag.o(.text)
    OS_FlagUnlink                            0x0800255f   Thumb Code    36  os_flag.o(.text)
    OSFlagDel                                0x080025d5   Thumb Code   214  os_flag.o(.text)
    OSFlagNameGet                            0x080026ab   Thumb Code    80  os_flag.o(.text)
    OSFlagNameSet                            0x080026fb   Thumb Code    66  os_flag.o(.text)
    OSFlagPend                               0x080027d5   Thumb Code   614  os_flag.o(.text)
    OSFlagPendGetFlagsRdy                    0x08002a3b   Thumb Code    26  os_flag.o(.text)
    OSFlagPost                               0x08002a55   Thumb Code   312  os_flag.o(.text)
    OSFlagQuery                              0x08002b8d   Thumb Code    48  os_flag.o(.text)
    OS_FlagInit                              0x08002bbd   Thumb Code    78  os_flag.o(.text)
    OSQAccept                                0x08002c19   Thumb Code    88  os_q.o(.text)
    OSQCreate                                0x08002c71   Thumb Code   140  os_q.o(.text)
    OSQDel                                   0x08002cfd   Thumb Code   236  os_q.o(.text)
    OSQFlush                                 0x08002de9   Thumb Code    36  os_q.o(.text)
    OSQPend                                  0x08002e0d   Thumb Code   272  os_q.o(.text)
    OSQPendAbort                             0x08002f1d   Thumb Code   128  os_q.o(.text)
    OSQPost                                  0x08002f9d   Thumb Code   114  os_q.o(.text)
    OSQPostFront                             0x0800300f   Thumb Code   136  os_q.o(.text)
    OSQPostOpt                               0x08003097   Thumb Code   182  os_q.o(.text)
    OSQQuery                                 0x0800314d   Thumb Code    98  os_q.o(.text)
    OS_QInit                                 0x080031af   Thumb Code    72  os_q.o(.text)
    OSTaskChangePrio                         0x08003201   Thumb Code   308  os_task.o(.text)
    OSTaskCreate                             0x08003335   Thumb Code   148  os_task.o(.text)
    OS_TaskStkClr                            0x080033c9   Thumb Code    26  os_task.o(.text)
    OSTaskCreateExt                          0x080033e3   Thumb Code   170  os_task.o(.text)
    OSTaskDel                                0x0800348d   Thumb Code   294  os_task.o(.text)
    OSTaskDelReq                             0x080035b3   Thumb Code   144  os_task.o(.text)
    OSTaskNameGet                            0x08003643   Thumb Code   114  os_task.o(.text)
    OSTaskNameSet                            0x080036b5   Thumb Code    98  os_task.o(.text)
    OSTaskResume                             0x08003717   Thumb Code   154  os_task.o(.text)
    OSTaskStkChk                             0x080037b1   Thumb Code   132  os_task.o(.text)
    OSTaskSuspend                            0x08003835   Thumb Code   152  os_task.o(.text)
    OSTaskQuery                              0x080038cd   Thumb Code    82  os_task.o(.text)
    OSTaskRegGet                             0x0800391f   Thumb Code    60  os_task.o(.text)
    OSTaskRegSet                             0x0800395b   Thumb Code    62  os_task.o(.text)
    OS_TaskReturn                            0x08003999   Thumb Code    18  os_task.o(.text)
    OSTimeDly                                0x080039c5   Thumb Code   100  os_time.o(.text)
    OSTimeDlyHMSM                            0x08003a29   Thumb Code    86  os_time.o(.text)
    OSTimeDlyResume                          0x08003a7f   Thumb Code   168  os_time.o(.text)
    OSTimeGet                                0x08003b27   Thumb Code    24  os_time.o(.text)
    OSTimeSet                                0x08003b3f   Thumb Code    24  os_time.o(.text)
    OSInitHookBegin                          0x08003b75   Thumb Code     2  os_cpu_c.o(.text)
    OSInitHookEnd                            0x08003b77   Thumb Code     2  os_cpu_c.o(.text)
    OSTaskCreateHook                         0x08003b79   Thumb Code     2  os_cpu_c.o(.text)
    OSTaskDelHook                            0x08003b7b   Thumb Code     2  os_cpu_c.o(.text)
    OSTaskIdleHook                           0x08003b7d   Thumb Code     2  os_cpu_c.o(.text)
    OSTaskStatHook                           0x08003b7f   Thumb Code     2  os_cpu_c.o(.text)
    OSTaskStkInit                            0x08003b81   Thumb Code   154  os_cpu_c.o(.text)
    OSTaskSwHook                             0x08003c1b   Thumb Code     2  os_cpu_c.o(.text)
    OSTCBInitHook                            0x08003c1d   Thumb Code     2  os_cpu_c.o(.text)
    OSTimeTickHook                           0x08003c1f   Thumb Code     2  os_cpu_c.o(.text)
    OSTaskReturnHook                         0x08003c21   Thumb Code     2  os_cpu_c.o(.text)
    OS_CPU_SR_Save                           0x08003c25   Thumb Code     0  os_cpu_a.o(.text)
    OS_CPU_SR_Restore                        0x08003c2d   Thumb Code     0  os_cpu_a.o(.text)
    OSStartHighRdy                           0x08003c33   Thumb Code     0  os_cpu_a.o(.text)
    OSCtxSw                                  0x08003c55   Thumb Code     0  os_cpu_a.o(.text)
    OSIntCtxSw                               0x08003c63   Thumb Code     0  os_cpu_a.o(.text)
    PendSV_Handler                           0x08003c73   Thumb Code     0  os_cpu_a.o(.text)
    __use_no_semihosting                     0x08003cd9   Thumb Code     2  use_no_semi_2.o(.text)
    __use_two_region_memory                  0x08003cdb   Thumb Code     2  heapauxi.o(.text)
    __rt_heap_escrow$2region                 0x08003cdd   Thumb Code     2  heapauxi.o(.text)
    __rt_heap_expand$2region                 0x08003cdf   Thumb Code     2  heapauxi.o(.text)
    __I$use$semihosting                      0x08003ce1   Thumb Code     0  use_no_semi.o(.text)
    __use_no_semihosting_swi                 0x08003ce1   Thumb Code     2  use_no_semi.o(.text)
    __user_setup_stackheap                   0x08003ce3   Thumb Code    74  sys_stackheap_outer.o(.text)
    exit                                     0x08003d2d   Thumb Code    12  exit.o(.text)
    __user_libspace                          0x08003d39   Thumb Code     8  libspace.o(.text)
    __user_perproc_libspace                  0x08003d39   Thumb Code     0  libspace.o(.text)
    __user_perthread_libspace                0x08003d39   Thumb Code     0  libspace.o(.text)
    __aeabi_d2f                              0x08003d41   Thumb Code     0  d2f.o(x$fpl$d2f)
    _d2f                                     0x08003d41   Thumb Code    98  d2f.o(x$fpl$d2f)
    __fpl_dcmp_Inf                           0x08003da3   Thumb Code    24  dcmpi.o(x$fpl$dcmpinf)
    __aeabi_ddiv                             0x08003dbd   Thumb Code     0  ddiv.o(x$fpl$ddiv)
    _ddiv                                    0x08003dbd   Thumb Code   552  ddiv.o(x$fpl$ddiv)
    __aeabi_ui2d                             0x0800406d   Thumb Code     0  dflt_clz.o(x$fpl$dfltu)
    _dfltu                                   0x0800406d   Thumb Code    38  dflt_clz.o(x$fpl$dfltu)
    __aeabi_cdcmple                          0x08004095   Thumb Code     0  dleqf.o(x$fpl$dleqf)
    _dcmple                                  0x08004095   Thumb Code   120  dleqf.o(x$fpl$dleqf)
    __fpl_dcmple_InfNaN                      0x080040f7   Thumb Code     0  dleqf.o(x$fpl$dleqf)
    __aeabi_dmul                             0x0800410d   Thumb Code     0  dmul.o(x$fpl$dmul)
    _dmul                                    0x0800410d   Thumb Code   332  dmul.o(x$fpl$dmul)
    __fpl_dnaninf                            0x08004261   Thumb Code   156  dnaninf.o(x$fpl$dnaninf)
    __fpl_dretinf                            0x080042fd   Thumb Code    12  dretinf.o(x$fpl$dretinf)
    __aeabi_cdrcmple                         0x08004309   Thumb Code     0  drleqf.o(x$fpl$drleqf)
    _drcmple                                 0x08004309   Thumb Code   108  drleqf.o(x$fpl$drleqf)
    __aeabi_f2d                              0x08004375   Thumb Code     0  f2d.o(x$fpl$f2d)
    _f2d                                     0x08004375   Thumb Code    86  f2d.o(x$fpl$f2d)
    __aeabi_fadd                             0x080043cd   Thumb Code     0  faddsub_clz.o(x$fpl$fadd)
    _fadd                                    0x080043cd   Thumb Code   196  faddsub_clz.o(x$fpl$fadd)
    __fpl_fcmp_Inf                           0x08004491   Thumb Code    24  fcmpi.o(x$fpl$fcmpinf)
    __aeabi_f2iz                             0x080044a9   Thumb Code     0  ffix.o(x$fpl$ffix)
    _ffix                                    0x080044a9   Thumb Code    54  ffix.o(x$fpl$ffix)
    __aeabi_cfcmple                          0x080044e1   Thumb Code     0  fleqf.o(x$fpl$fleqf)
    _fcmple                                  0x080044e1   Thumb Code   104  fleqf.o(x$fpl$fleqf)
    __fpl_fcmple_InfNaN                      0x08004533   Thumb Code     0  fleqf.o(x$fpl$fleqf)
    __fpl_fnaninf                            0x08004549   Thumb Code   140  fnaninf.o(x$fpl$fnaninf)
    __fpl_fretinf                            0x080045d5   Thumb Code    10  fretinf.o(x$fpl$fretinf)
    __aeabi_cfrcmple                         0x080045df   Thumb Code     0  frleqf.o(x$fpl$frleqf)
    _frcmple                                 0x080045df   Thumb Code    98  frleqf.o(x$fpl$frleqf)
    __aeabi_fsub                             0x08004641   Thumb Code     0  faddsub_clz.o(x$fpl$fsub)
    _fsub                                    0x08004641   Thumb Code   234  faddsub_clz.o(x$fpl$fsub)
    OSUnMapTbl                               0x0800472a   Data         256  os_core.o(.constdata)
    __I$use$fp                               0x0800472a   Number         0  usenofp.o(x$fpl$usenofp)
    Region$$Table$$Base                      0x0800482c   Number         0  anon$$obj.o(Region$$Table)
    Region$$Table$$Limit                     0x0800484c   Number         0  anon$$obj.o(Region$$Table)
    encoder_angle                            0x20000000   Data           4  main.o(.data)
    SystemCoreClock                          0x20000004   Data           4  system_stm32f10x.o(.data)
    AHBPrescTable                            0x20000008   Data          16  system_stm32f10x.o(.data)
    encoder_counter                          0x20000018   Data           4  encoder.o(.data)
    __stdout                                 0x20000024   Data           4  usart.o(.data)
    USART_RX_STA                             0x20000028   Data           2  usart.o(.data)
    counter                                  0x2000002a   Data           1  usart.o(.data)
    sign                                     0x2000002b   Data           1  usart.o(.data)
    OSCtxSwCtr                               0x20000040   Data           4  os_core.o(.data)
    OSEventFreeList                          0x20000044   Data           4  os_core.o(.data)
    OSFlagFreeList                           0x20000048   Data           4  os_core.o(.data)
    OSCPUUsage                               0x2000004c   Data           1  os_core.o(.data)
    OSIdleCtrMax                             0x20000050   Data           4  os_core.o(.data)
    OSIdleCtrRun                             0x20000054   Data           4  os_core.o(.data)
    OSStatRdy                                0x20000058   Data           1  os_core.o(.data)
    OSIntNesting                             0x20000059   Data           1  os_core.o(.data)
    OSLockNesting                            0x2000005a   Data           1  os_core.o(.data)
    OSPrioCur                                0x2000005b   Data           1  os_core.o(.data)
    OSPrioHighRdy                            0x2000005c   Data           1  os_core.o(.data)
    OSRdyGrp                                 0x2000005d   Data           1  os_core.o(.data)
    OSRdyTbl                                 0x2000005e   Data           8  os_core.o(.data)
    OSRunning                                0x20000066   Data           1  os_core.o(.data)
    OSTaskCtr                                0x20000067   Data           1  os_core.o(.data)
    OSIdleCtr                                0x20000068   Data           4  os_core.o(.data)
    OSTCBCur                                 0x2000006c   Data           4  os_core.o(.data)
    OSTCBFreeList                            0x20000070   Data           4  os_core.o(.data)
    OSTCBHighRdy                             0x20000074   Data           4  os_core.o(.data)
    OSTCBList                                0x20000078   Data           4  os_core.o(.data)
    OSTickStepState                          0x2000007c   Data           1  os_core.o(.data)
    OSQFreeList                              0x20000080   Data           4  os_core.o(.data)
    OSTime                                   0x20000084   Data           4  os_core.o(.data)
    USART_RX_BUF                             0x20000088   Data         200  usart.o(.bss)
    Re_buf                                   0x20000150   Data          11  usart.o(.bss)
    Temp                                     0x2000015b   Data          11  usart.o(.bss)
    OSEventTbl                               0x20000168   Data         200  os_core.o(.bss)
    OSFlagTbl                                0x20000230   Data          80  os_core.o(.bss)
    OSTaskStatStk                            0x20000280   Data         512  os_core.o(.bss)
    OSTaskIdleStk                            0x20000480   Data         512  os_core.o(.bss)
    OSTCBPrioTbl                             0x20000680   Data         256  os_core.o(.bss)
    OSTCBTbl                                 0x20000780   Data        1008  os_core.o(.bss)
    OSQTbl                                   0x20000b70   Data         120  os_core.o(.bss)
    __libspace_start                         0x20000be8   Data          96  libspace.o(.bss)
    __temporary_stack_top$libspace           0x20000c48   Data           0  libspace.o(.bss)



==============================================================================

Memory Map of the image

  Image Entry point : 0x08000131

  Load Region LR_IROM1 (Base: 0x08000000, Size: 0x000048d4, Max: 0x00040000, ABSOLUTE)

    Execution Region ER_IROM1 (Base: 0x08000000, Size: 0x0000484c, Max: 0x00040000, ABSOLUTE)

    Base Addr    Size         Type   Attr      Idx    E Section Name        Object

    0x08000000   0x00000130   Data   RO          281    RESET               startup_stm32f10x_hd.o
    0x08000130   0x00000008   Code   RO          495  * !!!main             c_w.l(__main.o)
    0x08000138   0x00000034   Code   RO          694    !!!scatter          c_w.l(__scatter.o)
    0x0800016c   0x0000001a   Code   RO          696    !!handler_copy      c_w.l(__scatter_copy.o)
    0x08000186   0x00000002   PAD
    0x08000188   0x0000001c   Code   RO          698    !!handler_zi        c_w.l(__scatter_zi.o)
    0x080001a4   0x00000002   Code   RO          571    .ARM.Collect$$libinit$$00000000  c_w.l(libinit.o)
    0x080001a6   0x00000000   Code   RO          578    .ARM.Collect$$libinit$$00000002  c_w.l(libinit2.o)
    0x080001a6   0x00000000   Code   RO          581    .ARM.Collect$$libinit$$00000008  c_w.l(libinit2.o)
    0x080001a6   0x00000000   Code   RO          583    .ARM.Collect$$libinit$$0000000A  c_w.l(libinit2.o)
    0x080001a6   0x00000000   Code   RO          585    .ARM.Collect$$libinit$$0000000C  c_w.l(libinit2.o)
    0x080001a6   0x00000000   Code   RO          588    .ARM.Collect$$libinit$$0000000F  c_w.l(libinit2.o)
    0x080001a6   0x00000000   Code   RO          590    .ARM.Collect$$libinit$$00000011  c_w.l(libinit2.o)
    0x080001a6   0x00000000   Code   RO          592    .ARM.Collect$$libinit$$00000013  c_w.l(libinit2.o)
    0x080001a6   0x00000000   Code   RO          594    .ARM.Collect$$libinit$$00000015  c_w.l(libinit2.o)
    0x080001a6   0x00000000   Code   RO          596    .ARM.Collect$$libinit$$00000017  c_w.l(libinit2.o)
    0x080001a6   0x00000000   Code   RO          598    .ARM.Collect$$libinit$$00000019  c_w.l(libinit2.o)
    0x080001a6   0x00000000   Code   RO          600    .ARM.Collect$$libinit$$0000001B  c_w.l(libinit2.o)
    0x080001a6   0x00000000   Code   RO          602    .ARM.Collect$$libinit$$0000001D  c_w.l(libinit2.o)
    0x080001a6   0x00000000   Code   RO          604    .ARM.Collect$$libinit$$0000001F  c_w.l(libinit2.o)
    0x080001a6   0x00000000   Code   RO          606    .ARM.Collect$$libinit$$00000021  c_w.l(libinit2.o)
    0x080001a6   0x00000000   Code   RO          608    .ARM.Collect$$libinit$$00000023  c_w.l(libinit2.o)
    0x080001a6   0x00000000   Code   RO          612    .ARM.Collect$$libinit$$0000002A  c_w.l(libinit2.o)
    0x080001a6   0x00000000   Code   RO          614    .ARM.Collect$$libinit$$0000002C  c_w.l(libinit2.o)
    0x080001a6   0x00000000   Code   RO          616    .ARM.Collect$$libinit$$0000002E  c_w.l(libinit2.o)
    0x080001a6   0x00000000   Code   RO          618    .ARM.Collect$$libinit$$00000030  c_w.l(libinit2.o)
    0x080001a6   0x00000002   Code   RO          619    .ARM.Collect$$libinit$$00000031  c_w.l(libinit2.o)
    0x080001a8   0x00000002   Code   RO          637    .ARM.Collect$$libshutdown$$00000000  c_w.l(libshutdown.o)
    0x080001aa   0x00000000   Code   RO          648    .ARM.Collect$$libshutdown$$00000003  c_w.l(libshutdown2.o)
    0x080001aa   0x00000000   Code   RO          651    .ARM.Collect$$libshutdown$$00000006  c_w.l(libshutdown2.o)
    0x080001aa   0x00000000   Code   RO          654    .ARM.Collect$$libshutdown$$00000009  c_w.l(libshutdown2.o)
    0x080001aa   0x00000000   Code   RO          656    .ARM.Collect$$libshutdown$$0000000B  c_w.l(libshutdown2.o)
    0x080001aa   0x00000000   Code   RO          659    .ARM.Collect$$libshutdown$$0000000E  c_w.l(libshutdown2.o)
    0x080001aa   0x00000002   Code   RO          660    .ARM.Collect$$libshutdown$$0000000F  c_w.l(libshutdown2.o)
    0x080001ac   0x00000000   Code   RO          533    .ARM.Collect$$rtentry$$00000000  c_w.l(rtentry.o)
    0x080001ac   0x00000000   Code   RO          548    .ARM.Collect$$rtentry$$00000002  c_w.l(rtentry2.o)
    0x080001ac   0x00000006   Code   RO          560    .ARM.Collect$$rtentry$$00000004  c_w.l(rtentry4.o)
    0x080001b2   0x00000000   Code   RO          550    .ARM.Collect$$rtentry$$00000009  c_w.l(rtentry2.o)
    0x080001b2   0x00000004   Code   RO          551    .ARM.Collect$$rtentry$$0000000A  c_w.l(rtentry2.o)
    0x080001b6   0x00000000   Code   RO          553    .ARM.Collect$$rtentry$$0000000C  c_w.l(rtentry2.o)
    0x080001b6   0x00000008   Code   RO          554    .ARM.Collect$$rtentry$$0000000D  c_w.l(rtentry2.o)
    0x080001be   0x00000002   Code   RO          575    .ARM.Collect$$rtexit$$00000000  c_w.l(rtexit.o)
    0x080001c0   0x00000000   Code   RO          621    .ARM.Collect$$rtexit$$00000002  c_w.l(rtexit2.o)
    0x080001c0   0x00000004   Code   RO          622    .ARM.Collect$$rtexit$$00000003  c_w.l(rtexit2.o)
    0x080001c4   0x00000006   Code   RO          623    .ARM.Collect$$rtexit$$00000004  c_w.l(rtexit2.o)
    0x080001ca   0x00000002   PAD
    0x080001cc   0x000001dc   Code   RO            1    .text               main.o
    0x080003a8   0x00000016   Code   RO           76    .text               stm32f10x_it.o
    0x080003be   0x00000002   PAD
    0x080003c0   0x000001e0   Code   RO          111    .text               system_stm32f10x.o
    0x080005a0   0x00000194   Code   RO          129    .text               bujin.o
    0x08000734   0x0000013c   Code   RO          144    .text               encoder.o
    0x08000870   0x000000b4   Code   RO          163    .text               key.o
    0x08000924   0x000001a8   Code   RO          176    .text               1602.o
    0x08000acc   0x000000f4   Code   RO          188    .text               delay.o
    0x08000bc0   0x0000000c   Code   RO          233    .text               sys.o
    0x08000bcc   0x00000270   Code   RO          245    .text               usart.o
    0x08000e3c   0x00000040   Code   RO          282    .text               startup_stm32f10x_hd.o
    0x08000e7c   0x0000035c   Code   RO          286    .text               stm32f10x_gpio.o
    0x080011d8   0x000003a4   Code   RO          298    .text               stm32f10x_rcc.o
    0x0800157c   0x00000408   Code   RO          312    .text               stm32f10x_usart.o
    0x08001984   0x000000dc   Code   RO          324    .text               misc.o
    0x08001a60   0x0000011c   Code   RO          336    .text               stm32f10x_exti.o
    0x08001b7c   0x00000890   Code   RO          348    .text               os_core.o
    0x0800240c   0x0000080c   Code   RO          368    .text               os_flag.o
    0x08002c18   0x000005e8   Code   RO          410    .text               os_q.o
    0x08003200   0x000007c4   Code   RO          434    .text               os_task.o
    0x080039c4   0x000001b0   Code   RO          446    .text               os_time.o
    0x08003b74   0x000000ae   Code   RO          464    .text               os_cpu_c.o
    0x08003c22   0x00000002   PAD
    0x08003c24   0x000000b4   Code   RO          486    .text               os_cpu_a.o
    0x08003cd8   0x00000002   Code   RO          491    .text               c_w.l(use_no_semi_2.o)
    0x08003cda   0x00000006   Code   RO          493    .text               c_w.l(heapauxi.o)
    0x08003ce0   0x00000002   Code   RO          531    .text               c_w.l(use_no_semi.o)
    0x08003ce2   0x0000004a   Code   RO          562    .text               c_w.l(sys_stackheap_outer.o)
    0x08003d2c   0x0000000c   Code   RO          564    .text               c_w.l(exit.o)
    0x08003d38   0x00000008   Code   RO          572    .text               c_w.l(libspace.o)
    0x08003d40   0x00000062   Code   RO          497    x$fpl$d2f           fz_ws.l(d2f.o)
    0x08003da2   0x00000018   Code   RO          534    x$fpl$dcmpinf       fz_ws.l(dcmpi.o)
    0x08003dba   0x00000002   PAD
    0x08003dbc   0x000002b0   Code   RO          500    x$fpl$ddiv          fz_ws.l(ddiv.o)
    0x0800406c   0x00000026   Code   RO          503    x$fpl$dfltu         fz_ws.l(dflt_clz.o)
    0x08004092   0x00000002   PAD
    0x08004094   0x00000078   Code   RO          509    x$fpl$dleqf         fz_ws.l(dleqf.o)
    0x0800410c   0x00000154   Code   RO          511    x$fpl$dmul          fz_ws.l(dmul.o)
    0x08004260   0x0000009c   Code   RO          536    x$fpl$dnaninf       fz_ws.l(dnaninf.o)
    0x080042fc   0x0000000c   Code   RO          538    x$fpl$dretinf       fz_ws.l(dretinf.o)
    0x08004308   0x0000006c   Code   RO          513    x$fpl$drleqf        fz_ws.l(drleqf.o)
    0x08004374   0x00000056   Code   RO          515    x$fpl$f2d           fz_ws.l(f2d.o)
    0x080043ca   0x00000002   PAD
    0x080043cc   0x000000c4   Code   RO          517    x$fpl$fadd          fz_ws.l(faddsub_clz.o)
    0x08004490   0x00000018   Code   RO          540    x$fpl$fcmpinf       fz_ws.l(fcmpi.o)
    0x080044a8   0x00000036   Code   RO          523    x$fpl$ffix          fz_ws.l(ffix.o)
    0x080044de   0x00000002   PAD
    0x080044e0   0x00000068   Code   RO          527    x$fpl$fleqf         fz_ws.l(fleqf.o)
    0x08004548   0x0000008c   Code   RO          542    x$fpl$fnaninf       fz_ws.l(fnaninf.o)
    0x080045d4   0x0000000a   Code   RO          544    x$fpl$fretinf       fz_ws.l(fretinf.o)
    0x080045de   0x00000062   Code   RO          529    x$fpl$frleqf        fz_ws.l(frleqf.o)
    0x08004640   0x000000ea   Code   RO          519    x$fpl$fsub          fz_ws.l(faddsub_clz.o)
    0x0800472a   0x00000000   Code   RO          546    x$fpl$usenofp       fz_ws.l(usenofp.o)
    0x0800472a   0x00000100   Data   RO          350    .constdata          os_core.o
    0x0800482a   0x00000002   PAD
    0x0800482c   0x00000020   Data   RO          692    Region$$Table       anon$$obj.o


    Execution Region RW_IRAM1 (Base: 0x20000000, Size: 0x00001248, Max: 0x0000c000, ABSOLUTE)

    Base Addr    Size         Type   Attr      Idx    E Section Name        Object

    0x20000000   0x00000004   Data   RW            2    .data               main.o
    0x20000004   0x00000014   Data   RW          112    .data               system_stm32f10x.o
    0x20000018   0x00000004   Data   RW          145    .data               encoder.o
    0x2000001c   0x00000001   Data   RW          164    .data               key.o
    0x2000001d   0x00000001   PAD
    0x2000001e   0x00000004   Data   RW          189    .data               delay.o
    0x20000022   0x00000002   PAD
    0x20000024   0x00000008   Data   RW          247    .data               usart.o
    0x2000002c   0x00000014   Data   RW          299    .data               stm32f10x_rcc.o
    0x20000040   0x00000048   Data   RW          351    .data               os_core.o
    0x20000088   0x000000de   Zero   RW          246    .bss                usart.o
    0x20000166   0x00000002   PAD
    0x20000168   0x00000a80   Zero   RW          349    .bss                os_core.o
    0x20000be8   0x00000060   Zero   RW          573    .bss                c_w.l(libspace.o)
    0x20000c48   0x00000200   Zero   RW          280    HEAP                startup_stm32f10x_hd.o
    0x20000e48   0x00000400   Zero   RW          279    STACK               startup_stm32f10x_hd.o


==============================================================================

Image component sizes


      Code (inc. data)   RO Data    RW Data    ZI Data      Debug   Object Name

       424         18          0          0          0       1250   1602.o
       404         14          0          0          0       1105   bujin.o
         0          0          0          0          0         32   core_cm3.o
       244         20          0          4          0      10020   delay.o
       316         20          0          4          0       1321   encoder.o
       180         12          0          1          0        764   key.o
       476         28          0          4          0     235661   main.o
       220         22          0          0          0       1765   misc.o
      2192        218        256         72       2688      14759   os_core.o
       180         36          0          0          0        308   os_cpu_a.o
       174          0          0          0          0      10326   os_cpu_c.o
      2060         42          0          0          0       6748   os_flag.o
      1512         30          0          0          0       5477   os_q.o
      1988         70          0          0          0       7413   os_task.o
       432         30          0          0          0       1754   os_time.o
        64         26        304          0       1536        776   startup_stm32f10x_hd.o
       284         10          0          0          0       2199   stm32f10x_exti.o
       860         38          0          0          0       5609   stm32f10x_gpio.o
        22          0          0          0          0        979   stm32f10x_it.o
       932         36          0         20          0       8764   stm32f10x_rcc.o
      1032         22          0          0          0       8336   stm32f10x_usart.o
        12          0          0          0          0        433   sys.o
       480         38          0         20          0       1683   system_stm32f10x.o
       624         38          0          8        222       3840   usart.o

    ----------------------------------------------------------------------
     15116        768        594        136       4448     331322   Object Totals
         0          0         32          0          0          0   (incl. Generated)
         4          0          2          3          2          0   (incl. Padding)

    ----------------------------------------------------------------------

      Code (inc. data)   RO Data    RW Data    ZI Data      Debug   Library Member Name

         8          0          0          0          0         68   __main.o
        52          8          0          0          0          0   __scatter.o
        26          0          0          0          0          0   __scatter_copy.o
        28          0          0          0          0          0   __scatter_zi.o
        12          0          0          0          0         72   exit.o
         6          0          0          0          0        152   heapauxi.o
         2          0          0          0          0          0   libinit.o
         2          0          0          0          0          0   libinit2.o
         2          0          0          0          0          0   libshutdown.o
         2          0          0          0          0          0   libshutdown2.o
         8          4          0          0         96         68   libspace.o
         0          0          0          0          0          0   rtentry.o
        12          0          0          0          0          0   rtentry2.o
         6          0          0          0          0          0   rtentry4.o
         2          0          0          0          0          0   rtexit.o
        10          0          0          0          0          0   rtexit2.o
        74          0          0          0          0         80   sys_stackheap_outer.o
         2          0          0          0          0         68   use_no_semi.o
         2          0          0          0          0         68   use_no_semi_2.o
        98          4          0          0          0         92   d2f.o
        24          0          0          0          0         68   dcmpi.o
       688        140          0          0          0        208   ddiv.o
        38          0          0          0          0         68   dflt_clz.o
       120          4          0          0          0         92   dleqf.o
       340         12          0          0          0        104   dmul.o
       156          4          0          0          0         92   dnaninf.o
        12          0          0          0          0         68   dretinf.o
       108          0          0          0          0         80   drleqf.o
        86          4          0          0          0         84   f2d.o
       430          8          0          0          0        168   faddsub_clz.o
        24          0          0          0          0         68   fcmpi.o
        54          4          0          0          0         84   ffix.o
       104          4          0          0          0         84   fleqf.o
       140          4          0          0          0         84   fnaninf.o
        10          0          0          0          0         68   fretinf.o
        98          0          0          0          0         68   frleqf.o
         0          0          0          0          0          0   usenofp.o

    ----------------------------------------------------------------------
      2798        200          0          0         96       2156   Library Totals
        12          0          0          0          0          0   (incl. Padding)

    ----------------------------------------------------------------------

      Code (inc. data)   RO Data    RW Data    ZI Data      Debug   Library Name

       256         12          0          0         96        576   c_w.l
      2530        188          0          0          0       1580   fz_ws.l

    ----------------------------------------------------------------------
      2798        200          0          0         96       2156   Library Totals

    ----------------------------------------------------------------------

==============================================================================


      Code (inc. data)   RO Data    RW Data    ZI Data      Debug   

     17914        968        594        136       4544     330614   Grand Totals
     17914        968        594        136       4544     330614   ELF Image Totals
     17914        968        594        136          0          0   ROM Totals

==============================================================================

    Total RO  Size (Code + RO Data)                18508 (  18.07kB)
    Total RW  Size (RW Data + ZI Data)              4680 (   4.57kB)
    Total ROM Size (Code + RO Data + RW Data)      18644 (  18.21kB)

==============================================================================

